[0.000000] (-) TimerEvent: {}
[0.000303] (-) JobUnselected: {'identifier': 'interbotix_common_modules'}
[0.000431] (-) JobUnselected: {'identifier': 'interbotix_common_sim'}
[0.000458] (-) JobUnselected: {'identifier': 'interbotix_common_toolbox'}
[0.000507] (-) JobUnselected: {'identifier': 'interbotix_moveit_interface'}
[0.000529] (-) JobUnselected: {'identifier': 'interbotix_moveit_interface_msgs'}
[0.000537] (-) JobUnselected: {'identifier': 'interbotix_ros_xsarms'}
[0.000544] (-) JobUnselected: {'identifier': 'interbotix_ros_xsarms_examples'}
[0.000551] (-) JobUnselected: {'identifier': 'interbotix_ros_xseries'}
[0.000557] (-) JobUnselected: {'identifier': 'interbotix_tf_tools'}
[0.000563] (-) JobUnselected: {'identifier': 'interbotix_xs_driver'}
[0.000569] (-) JobUnselected: {'identifier': 'interbotix_xs_modules'}
[0.000575] (-) JobUnselected: {'identifier': 'interbotix_xs_msgs'}
[0.000581] (-) JobUnselected: {'identifier': 'interbotix_xs_ros_control'}
[0.000587] (-) JobUnselected: {'identifier': 'interbotix_xs_rviz'}
[0.000593] (-) JobUnselected: {'identifier': 'interbotix_xs_sdk'}
[0.000599] (-) JobUnselected: {'identifier': 'interbotix_xs_toolbox'}
[0.000605] (-) JobUnselected: {'identifier': 'interbotix_xsarm_control'}
[0.000611] (-) JobUnselected: {'identifier': 'interbotix_xsarm_descriptions'}
[0.000616] (-) JobUnselected: {'identifier': 'interbotix_xsarm_dual'}
[0.000626] (-) JobUnselected: {'identifier': 'interbotix_xsarm_joy'}
[0.000632] (-) JobUnselected: {'identifier': 'interbotix_xsarm_moveit'}
[0.000638] (-) JobUnselected: {'identifier': 'interbotix_xsarm_moveit_interface'}
[0.000644] (-) JobUnselected: {'identifier': 'interbotix_xsarm_puppet'}
[0.000649] (-) JobUnselected: {'identifier': 'interbotix_xsarm_ros_control'}
[0.000655] (-) JobUnselected: {'identifier': 'interbotix_xsarm_sim'}
[0.000661] (-) JobUnselected: {'identifier': 'modern_robotics'}
[0.000668] (-) EventReactorShutdown: {}
