[0.715s] Invoking command in '/home/derek-dietz/MSAI/ComputerVision/Final_Project/ws/interbotix/src/interbotix_ros_toolboxes/interbotix_xs_toolbox/interbotix_xs_modules': AMENT_PREFIX_PATH=/home/derek-dietz/MSAI/ComputerVision/Final_Project/ws/interbotix/install:${AMENT_PREFIX_PATH} CMAKE_PREFIX_PATH=/home/derek-dietz/MSAI/ComputerVision/Final_Project/ws/interbotix/install:${CMAKE_PREFIX_PATH} DEBUGINFOD_URLS=https://debuginfod.ubuntu.com LD_LIBRARY_PATH=/home/derek-dietz/MSAI/ComputerVision/Final_Project/ws/interbotix/install/lib:${LD_LIBRARY_PATH} PYTHONPATH=/home/derek-dietz/MSAI/ComputerVision/Final_Project/ws/interbotix/build/interbotix_xs_modules/prefix_override:/usr/lib/python3/dist-packages/colcon_core/task/python/colcon_distutils_commands:/home/derek-dietz/MSAI/ComputerVision/Final_Project/ws/interbotix/install/lib/python3.12/site-packages:/home/derek-dietz/MSAI/ComputerVision/Final_Project/ws/interbotix/install/lib/python3.12/site-packages:${PYTHONPATH} /usr/bin/python3 -W ignore:setup.py install is deprecated -W ignore:easy_install command is deprecated setup.py egg_info --egg-base ../../../../build/interbotix_xs_modules build --build-base /home/derek-dietz/MSAI/ComputerVision/Final_Project/ws/interbotix/build/interbotix_xs_modules/build install --record /home/derek-dietz/MSAI/ComputerVision/Final_Project/ws/interbotix/build/interbotix_xs_modules/install.log --single-version-externally-managed install_data
[0.960s] running egg_info
[0.960s] creating ../../../../build/interbotix_xs_modules/interbotix_xs_modules.egg-info
[0.981s] writing ../../../../build/interbotix_xs_modules/interbotix_xs_modules.egg-info/PKG-INFO
[0.981s] writing dependency_links to ../../../../build/interbotix_xs_modules/interbotix_xs_modules.egg-info/dependency_links.txt
[0.981s] writing requirements to ../../../../build/interbotix_xs_modules/interbotix_xs_modules.egg-info/requires.txt
[0.981s] writing top-level names to ../../../../build/interbotix_xs_modules/interbotix_xs_modules.egg-info/top_level.txt
[0.982s] writing manifest file '../../../../build/interbotix_xs_modules/interbotix_xs_modules.egg-info/SOURCES.txt'
[1.025s] reading manifest file '../../../../build/interbotix_xs_modules/interbotix_xs_modules.egg-info/SOURCES.txt'
[1.025s] writing manifest file '../../../../build/interbotix_xs_modules/interbotix_xs_modules.egg-info/SOURCES.txt'
[1.025s] running build
[1.025s] running build_py
[1.025s] creating /home/derek-dietz/MSAI/ComputerVision/Final_Project/ws/interbotix/build/interbotix_xs_modules/build
[1.026s] creating /home/derek-dietz/MSAI/ComputerVision/Final_Project/ws/interbotix/build/interbotix_xs_modules/build/lib
[1.026s] creating /home/derek-dietz/MSAI/ComputerVision/Final_Project/ws/interbotix/build/interbotix_xs_modules/build/lib/interbotix_xs_modules
[1.026s] copying interbotix_xs_modules/__init__.py -> /home/derek-dietz/MSAI/ComputerVision/Final_Project/ws/interbotix/build/interbotix_xs_modules/build/lib/interbotix_xs_modules
[1.026s] creating /home/derek-dietz/MSAI/ComputerVision/Final_Project/ws/interbotix/build/interbotix_xs_modules/build/lib/interbotix_xs_modules/xs_common
[1.026s] copying interbotix_xs_modules/xs_common/xs_common.py -> /home/derek-dietz/MSAI/ComputerVision/Final_Project/ws/interbotix/build/interbotix_xs_modules/build/lib/interbotix_xs_modules/xs_common
[1.026s] copying interbotix_xs_modules/xs_common/__init__.py -> /home/derek-dietz/MSAI/ComputerVision/Final_Project/ws/interbotix/build/interbotix_xs_modules/build/lib/interbotix_xs_modules/xs_common
[1.026s] creating /home/derek-dietz/MSAI/ComputerVision/Final_Project/ws/interbotix/build/interbotix_xs_modules/build/lib/interbotix_xs_modules/xs_launch
[1.026s] copying interbotix_xs_modules/xs_launch/xs_launch.py -> /home/derek-dietz/MSAI/ComputerVision/Final_Project/ws/interbotix/build/interbotix_xs_modules/build/lib/interbotix_xs_modules/xs_launch
[1.027s] copying interbotix_xs_modules/xs_launch/__init__.py -> /home/derek-dietz/MSAI/ComputerVision/Final_Project/ws/interbotix/build/interbotix_xs_modules/build/lib/interbotix_xs_modules/xs_launch
[1.027s] creating /home/derek-dietz/MSAI/ComputerVision/Final_Project/ws/interbotix/build/interbotix_xs_modules/build/lib/interbotix_xs_modules/xs_robot
[1.027s] copying interbotix_xs_modules/xs_robot/gripper.py -> /home/derek-dietz/MSAI/ComputerVision/Final_Project/ws/interbotix/build/interbotix_xs_modules/build/lib/interbotix_xs_modules/xs_robot
[1.027s] copying interbotix_xs_modules/xs_robot/core.py -> /home/derek-dietz/MSAI/ComputerVision/Final_Project/ws/interbotix/build/interbotix_xs_modules/build/lib/interbotix_xs_modules/xs_robot
[1.027s] copying interbotix_xs_modules/xs_robot/hexapod.py -> /home/derek-dietz/MSAI/ComputerVision/Final_Project/ws/interbotix/build/interbotix_xs_modules/build/lib/interbotix_xs_modules/xs_robot
[1.027s] copying interbotix_xs_modules/xs_robot/arm.py -> /home/derek-dietz/MSAI/ComputerVision/Final_Project/ws/interbotix/build/interbotix_xs_modules/build/lib/interbotix_xs_modules/xs_robot
[1.027s] copying interbotix_xs_modules/xs_robot/kobuki.py -> /home/derek-dietz/MSAI/ComputerVision/Final_Project/ws/interbotix/build/interbotix_xs_modules/build/lib/interbotix_xs_modules/xs_robot
[1.027s] copying interbotix_xs_modules/xs_robot/mr_descriptions.py -> /home/derek-dietz/MSAI/ComputerVision/Final_Project/ws/interbotix/build/interbotix_xs_modules/build/lib/interbotix_xs_modules/xs_robot
[1.027s] copying interbotix_xs_modules/xs_robot/locobot.py -> /home/derek-dietz/MSAI/ComputerVision/Final_Project/ws/interbotix/build/interbotix_xs_modules/build/lib/interbotix_xs_modules/xs_robot
[1.027s] copying interbotix_xs_modules/xs_robot/create3.py -> /home/derek-dietz/MSAI/ComputerVision/Final_Project/ws/interbotix/build/interbotix_xs_modules/build/lib/interbotix_xs_modules/xs_robot
[1.028s] copying interbotix_xs_modules/xs_robot/mobile_base.py -> /home/derek-dietz/MSAI/ComputerVision/Final_Project/ws/interbotix/build/interbotix_xs_modules/build/lib/interbotix_xs_modules/xs_robot
[1.028s] copying interbotix_xs_modules/xs_robot/turret.py -> /home/derek-dietz/MSAI/ComputerVision/Final_Project/ws/interbotix/build/interbotix_xs_modules/build/lib/interbotix_xs_modules/xs_robot
[1.028s] copying interbotix_xs_modules/xs_robot/slate.py -> /home/derek-dietz/MSAI/ComputerVision/Final_Project/ws/interbotix/build/interbotix_xs_modules/build/lib/interbotix_xs_modules/xs_robot
[1.028s] copying interbotix_xs_modules/xs_robot/__init__.py -> /home/derek-dietz/MSAI/ComputerVision/Final_Project/ws/interbotix/build/interbotix_xs_modules/build/lib/interbotix_xs_modules/xs_robot
[1.028s] running install
[1.032s] running install_lib
[1.053s] creating /home/derek-dietz/MSAI/ComputerVision/Final_Project/ws/interbotix/install/lib/python3.12/site-packages/interbotix_xs_modules
[1.053s] creating /home/derek-dietz/MSAI/ComputerVision/Final_Project/ws/interbotix/install/lib/python3.12/site-packages/interbotix_xs_modules/xs_common
[1.053s] copying /home/derek-dietz/MSAI/ComputerVision/Final_Project/ws/interbotix/build/interbotix_xs_modules/build/lib/interbotix_xs_modules/xs_common/xs_common.py -> /home/derek-dietz/MSAI/ComputerVision/Final_Project/ws/interbotix/install/lib/python3.12/site-packages/interbotix_xs_modules/xs_common
[1.053s] copying /home/derek-dietz/MSAI/ComputerVision/Final_Project/ws/interbotix/build/interbotix_xs_modules/build/lib/interbotix_xs_modules/xs_common/__init__.py -> /home/derek-dietz/MSAI/ComputerVision/Final_Project/ws/interbotix/install/lib/python3.12/site-packages/interbotix_xs_modules/xs_common
[1.053s] creating /home/derek-dietz/MSAI/ComputerVision/Final_Project/ws/interbotix/install/lib/python3.12/site-packages/interbotix_xs_modules/xs_launch
[1.053s] copying /home/derek-dietz/MSAI/ComputerVision/Final_Project/ws/interbotix/build/interbotix_xs_modules/build/lib/interbotix_xs_modules/xs_launch/xs_launch.py -> /home/derek-dietz/MSAI/ComputerVision/Final_Project/ws/interbotix/install/lib/python3.12/site-packages/interbotix_xs_modules/xs_launch
[1.054s] copying /home/derek-dietz/MSAI/ComputerVision/Final_Project/ws/interbotix/build/interbotix_xs_modules/build/lib/interbotix_xs_modules/xs_launch/__init__.py -> /home/derek-dietz/MSAI/ComputerVision/Final_Project/ws/interbotix/install/lib/python3.12/site-packages/interbotix_xs_modules/xs_launch
[1.054s] copying /home/derek-dietz/MSAI/ComputerVision/Final_Project/ws/interbotix/build/interbotix_xs_modules/build/lib/interbotix_xs_modules/__init__.py -> /home/derek-dietz/MSAI/ComputerVision/Final_Project/ws/interbotix/install/lib/python3.12/site-packages/interbotix_xs_modules
[1.054s] creating /home/derek-dietz/MSAI/ComputerVision/Final_Project/ws/interbotix/install/lib/python3.12/site-packages/interbotix_xs_modules/xs_robot
[1.054s] copying /home/derek-dietz/MSAI/ComputerVision/Final_Project/ws/interbotix/build/interbotix_xs_modules/build/lib/interbotix_xs_modules/xs_robot/gripper.py -> /home/derek-dietz/MSAI/ComputerVision/Final_Project/ws/interbotix/install/lib/python3.12/site-packages/interbotix_xs_modules/xs_robot
[1.054s] copying /home/derek-dietz/MSAI/ComputerVision/Final_Project/ws/interbotix/build/interbotix_xs_modules/build/lib/interbotix_xs_modules/xs_robot/core.py -> /home/derek-dietz/MSAI/ComputerVision/Final_Project/ws/interbotix/install/lib/python3.12/site-packages/interbotix_xs_modules/xs_robot
[1.054s] copying /home/derek-dietz/MSAI/ComputerVision/Final_Project/ws/interbotix/build/interbotix_xs_modules/build/lib/interbotix_xs_modules/xs_robot/hexapod.py -> /home/derek-dietz/MSAI/ComputerVision/Final_Project/ws/interbotix/install/lib/python3.12/site-packages/interbotix_xs_modules/xs_robot
[1.054s] copying /home/derek-dietz/MSAI/ComputerVision/Final_Project/ws/interbotix/build/interbotix_xs_modules/build/lib/interbotix_xs_modules/xs_robot/arm.py -> /home/derek-dietz/MSAI/ComputerVision/Final_Project/ws/interbotix/install/lib/python3.12/site-packages/interbotix_xs_modules/xs_robot
[1.055s] copying /home/derek-dietz/MSAI/ComputerVision/Final_Project/ws/interbotix/build/interbotix_xs_modules/build/lib/interbotix_xs_modules/xs_robot/kobuki.py -> /home/derek-dietz/MSAI/ComputerVision/Final_Project/ws/interbotix/install/lib/python3.12/site-packages/interbotix_xs_modules/xs_robot
[1.055s] copying /home/derek-dietz/MSAI/ComputerVision/Final_Project/ws/interbotix/build/interbotix_xs_modules/build/lib/interbotix_xs_modules/xs_robot/mr_descriptions.py -> /home/derek-dietz/MSAI/ComputerVision/Final_Project/ws/interbotix/install/lib/python3.12/site-packages/interbotix_xs_modules/xs_robot
[1.055s] copying /home/derek-dietz/MSAI/ComputerVision/Final_Project/ws/interbotix/build/interbotix_xs_modules/build/lib/interbotix_xs_modules/xs_robot/locobot.py -> /home/derek-dietz/MSAI/ComputerVision/Final_Project/ws/interbotix/install/lib/python3.12/site-packages/interbotix_xs_modules/xs_robot
[1.055s] copying /home/derek-dietz/MSAI/ComputerVision/Final_Project/ws/interbotix/build/interbotix_xs_modules/build/lib/interbotix_xs_modules/xs_robot/create3.py -> /home/derek-dietz/MSAI/ComputerVision/Final_Project/ws/interbotix/install/lib/python3.12/site-packages/interbotix_xs_modules/xs_robot
[1.055s] copying /home/derek-dietz/MSAI/ComputerVision/Final_Project/ws/interbotix/build/interbotix_xs_modules/build/lib/interbotix_xs_modules/xs_robot/mobile_base.py -> /home/derek-dietz/MSAI/ComputerVision/Final_Project/ws/interbotix/install/lib/python3.12/site-packages/interbotix_xs_modules/xs_robot
[1.055s] copying /home/derek-dietz/MSAI/ComputerVision/Final_Project/ws/interbotix/build/interbotix_xs_modules/build/lib/interbotix_xs_modules/xs_robot/turret.py -> /home/derek-dietz/MSAI/ComputerVision/Final_Project/ws/interbotix/install/lib/python3.12/site-packages/interbotix_xs_modules/xs_robot
[1.055s] copying /home/derek-dietz/MSAI/ComputerVision/Final_Project/ws/interbotix/build/interbotix_xs_modules/build/lib/interbotix_xs_modules/xs_robot/slate.py -> /home/derek-dietz/MSAI/ComputerVision/Final_Project/ws/interbotix/install/lib/python3.12/site-packages/interbotix_xs_modules/xs_robot
[1.055s] copying /home/derek-dietz/MSAI/ComputerVision/Final_Project/ws/interbotix/build/interbotix_xs_modules/build/lib/interbotix_xs_modules/xs_robot/__init__.py -> /home/derek-dietz/MSAI/ComputerVision/Final_Project/ws/interbotix/install/lib/python3.12/site-packages/interbotix_xs_modules/xs_robot
[1.055s] byte-compiling /home/derek-dietz/MSAI/ComputerVision/Final_Project/ws/interbotix/install/lib/python3.12/site-packages/interbotix_xs_modules/xs_common/xs_common.py to xs_common.cpython-312.pyc
[1.055s] byte-compiling /home/derek-dietz/MSAI/ComputerVision/Final_Project/ws/interbotix/install/lib/python3.12/site-packages/interbotix_xs_modules/xs_common/__init__.py to __init__.cpython-312.pyc
[1.056s] byte-compiling /home/derek-dietz/MSAI/ComputerVision/Final_Project/ws/interbotix/install/lib/python3.12/site-packages/interbotix_xs_modules/xs_launch/xs_launch.py to xs_launch.cpython-312.pyc
[1.056s] byte-compiling /home/derek-dietz/MSAI/ComputerVision/Final_Project/ws/interbotix/install/lib/python3.12/site-packages/interbotix_xs_modules/xs_launch/__init__.py to __init__.cpython-312.pyc
[1.057s] byte-compiling /home/derek-dietz/MSAI/ComputerVision/Final_Project/ws/interbotix/install/lib/python3.12/site-packages/interbotix_xs_modules/__init__.py to __init__.cpython-312.pyc
[1.057s] byte-compiling /home/derek-dietz/MSAI/ComputerVision/Final_Project/ws/interbotix/install/lib/python3.12/site-packages/interbotix_xs_modules/xs_robot/gripper.py to gripper.cpython-312.pyc
[1.058s] byte-compiling /home/derek-dietz/MSAI/ComputerVision/Final_Project/ws/interbotix/install/lib/python3.12/site-packages/interbotix_xs_modules/xs_robot/core.py to core.cpython-312.pyc
[1.059s] byte-compiling /home/derek-dietz/MSAI/ComputerVision/Final_Project/ws/interbotix/install/lib/python3.12/site-packages/interbotix_xs_modules/xs_robot/hexapod.py to hexapod.cpython-312.pyc
[1.064s] byte-compiling /home/derek-dietz/MSAI/ComputerVision/Final_Project/ws/interbotix/install/lib/python3.12/site-packages/interbotix_xs_modules/xs_robot/arm.py to arm.cpython-312.pyc
[1.066s] byte-compiling /home/derek-dietz/MSAI/ComputerVision/Final_Project/ws/interbotix/install/lib/python3.12/site-packages/interbotix_xs_modules/xs_robot/kobuki.py to kobuki.cpython-312.pyc
[1.067s] byte-compiling /home/derek-dietz/MSAI/ComputerVision/Final_Project/ws/interbotix/install/lib/python3.12/site-packages/interbotix_xs_modules/xs_robot/mr_descriptions.py to mr_descriptions.cpython-312.pyc
[1.068s] byte-compiling /home/derek-dietz/MSAI/ComputerVision/Final_Project/ws/interbotix/install/lib/python3.12/site-packages/interbotix_xs_modules/xs_robot/locobot.py to locobot.cpython-312.pyc
[1.069s] byte-compiling /home/derek-dietz/MSAI/ComputerVision/Final_Project/ws/interbotix/install/lib/python3.12/site-packages/interbotix_xs_modules/xs_robot/create3.py to create3.cpython-312.pyc
[1.069s] byte-compiling /home/derek-dietz/MSAI/ComputerVision/Final_Project/ws/interbotix/install/lib/python3.12/site-packages/interbotix_xs_modules/xs_robot/mobile_base.py to mobile_base.cpython-312.pyc
[1.070s] byte-compiling /home/derek-dietz/MSAI/ComputerVision/Final_Project/ws/interbotix/install/lib/python3.12/site-packages/interbotix_xs_modules/xs_robot/turret.py to turret.cpython-312.pyc
[1.072s] byte-compiling /home/derek-dietz/MSAI/ComputerVision/Final_Project/ws/interbotix/install/lib/python3.12/site-packages/interbotix_xs_modules/xs_robot/slate.py to slate.cpython-312.pyc
[1.073s] byte-compiling /home/derek-dietz/MSAI/ComputerVision/Final_Project/ws/interbotix/install/lib/python3.12/site-packages/interbotix_xs_modules/xs_robot/__init__.py to __init__.cpython-312.pyc
[1.073s] running install_data
[1.073s] copying resource/interbotix_xs_modules -> /home/derek-dietz/MSAI/ComputerVision/Final_Project/ws/interbotix/install/share/ament_index/resource_index/packages
[1.073s] copying package.xml -> /home/derek-dietz/MSAI/ComputerVision/Final_Project/ws/interbotix/install/share/interbotix_xs_modules
[1.073s] running install_egg_info
[1.095s] Copying ../../../../build/interbotix_xs_modules/interbotix_xs_modules.egg-info to /home/derek-dietz/MSAI/ComputerVision/Final_Project/ws/interbotix/install/lib/python3.12/site-packages/interbotix_xs_modules-0.0.0-py3.12.egg-info
[1.095s] running install_scripts
[1.223s] writing list of installed files to '/home/derek-dietz/MSAI/ComputerVision/Final_Project/ws/interbotix/build/interbotix_xs_modules/install.log'
[1.243s] Invoked command in '/home/derek-dietz/MSAI/ComputerVision/Final_Project/ws/interbotix/src/interbotix_ros_toolboxes/interbotix_xs_toolbox/interbotix_xs_modules' returned '0': AMENT_PREFIX_PATH=/home/derek-dietz/MSAI/ComputerVision/Final_Project/ws/interbotix/install:${AMENT_PREFIX_PATH} CMAKE_PREFIX_PATH=/home/derek-dietz/MSAI/ComputerVision/Final_Project/ws/interbotix/install:${CMAKE_PREFIX_PATH} DEBUGINFOD_URLS=https://debuginfod.ubuntu.com LD_LIBRARY_PATH=/home/derek-dietz/MSAI/ComputerVision/Final_Project/ws/interbotix/install/lib:${LD_LIBRARY_PATH} PYTHONPATH=/home/derek-dietz/MSAI/ComputerVision/Final_Project/ws/interbotix/build/interbotix_xs_modules/prefix_override:/usr/lib/python3/dist-packages/colcon_core/task/python/colcon_distutils_commands:/home/derek-dietz/MSAI/ComputerVision/Final_Project/ws/interbotix/install/lib/python3.12/site-packages:/home/derek-dietz/MSAI/ComputerVision/Final_Project/ws/interbotix/install/lib/python3.12/site-packages:${PYTHONPATH} /usr/bin/python3 -W ignore:setup.py install is deprecated -W ignore:easy_install command is deprecated setup.py egg_info --egg-base ../../../../build/interbotix_xs_modules build --build-base /home/derek-dietz/MSAI/ComputerVision/Final_Project/ws/interbotix/build/interbotix_xs_modules/build install --record /home/derek-dietz/MSAI/ComputerVision/Final_Project/ws/interbotix/build/interbotix_xs_modules/install.log --single-version-externally-managed install_data
