[0mCMake Deprecation Warning at /opt/ros/kilted/share/ament_cmake_target_dependencies/cmake/ament_target_dependencies.cmake:87 (message):
  ament_target_dependencies() is deprecated.  Use target_link_libraries()
  with modern CMake targets instead.  Try replacing this call with:

    target_link_libraries(xs_sdk PUBLIC
      ${interbotix_xs_msgs_TARGETS}
      ${sensor_msgs_TARGETS}
      ament_index_cpp::ament_index_cpp
      interbotix_xs_driver::interbotix_xs_driver
      rclcpp::rclcpp
      sensor_msgs::sensor_msgs_library
      urdf::urdf
    )

Call Stack (most recent call first):
  CMakeLists.txt:40 (ament_target_dependencies)

[0m
In file included from [01m[K/home/derek-dietz/MSAI/ComputerVision/Final_Project/ws/interbotix/src/interbotix_ros_core/interbotix_ros_xseries/interbotix_xs_sdk/include/interbotix_xs_sdk/xs_sdk_obj.hpp:40[m[K,
                 from [01m[K/home/derek-dietz/MSAI/ComputerVision/Final_Project/ws/interbotix/src/interbotix_ros_core/interbotix_ros_xseries/interbotix_xs_sdk/src/xs_sdk.cpp:31[m[K:
[01m[K/opt/ros/kilted/include/urdf/urdf/model.h:35:2:[m[K [01;35m[Kwarning: [m[K#warning This header is obsolete, please include urdf/model.hpp instead [[01;35m[K]8;;https://gcc.gnu.org/onlinedocs/gcc/Warning-Options.html#index-Wcpp-Wcpp]8;;[m[K]
   35 | #[01;35m[Kwarning[m[K \
      |  [01;35m[K^~~~~~~[m[K
In file included from [01m[K/home/derek-dietz/MSAI/ComputerVision/Final_Project/ws/interbotix/src/interbotix_ros_core/interbotix_ros_xseries/interbotix_xs_sdk/include/interbotix_xs_sdk/xs_sdk_obj.hpp:40[m[K,
                 from [01m[K/home/derek-dietz/MSAI/ComputerVision/Final_Project/ws/interbotix/src/interbotix_ros_core/interbotix_ros_xseries/interbotix_xs_sdk/src/xs_sdk_obj.cpp:33[m[K:
[01m[K/opt/ros/kilted/include/urdf/urdf/model.h:35:2:[m[K [01;35m[Kwarning: [m[K#warning This header is obsolete, please include urdf/model.hpp instead [[01;35m[K]8;;https://gcc.gnu.org/onlinedocs/gcc/Warning-Options.html#index-Wcpp-Wcpp]8;;[m[K]
   35 | #[01;35m[Kwarning[m[K \
      |  [01;35m[K^~~~~~~[m[K
