[0.896s] Invoking command in '/home/derek-dietz/MSAI/ComputerVision/Final_Project/ws/interbotix/src/arm': DEBUGINFOD_URLS=https://debuginfod.ubuntu.com PYTHONPATH=/home/derek-dietz/MSAI/ComputerVision/Final_Project/ws/interbotix/build/arm/prefix_override:/usr/lib/python3/dist-packages/colcon_core/task/python/colcon_distutils_commands:/home/derek-dietz/MSAI/ComputerVision/Final_Project/ws/interbotix/install/lib/python3.12/site-packages:${PYTHONPATH} /usr/bin/python3 -W ignore:setup.py install is deprecated -W ignore:easy_install command is deprecated setup.py egg_info --egg-base ../../build/arm build --build-base /home/derek-dietz/MSAI/ComputerVision/Final_Project/ws/interbotix/build/arm/build install --record /home/derek-dietz/MSAI/ComputerVision/Final_Project/ws/interbotix/build/arm/install.log --single-version-externally-managed install_data
[1.116s] running egg_info
[1.133s] writing ../../build/arm/arm.egg-info/PKG-INFO
[1.133s] writing dependency_links to ../../build/arm/arm.egg-info/dependency_links.txt
[1.134s] writing entry points to ../../build/arm/arm.egg-info/entry_points.txt
[1.134s] writing requirements to ../../build/arm/arm.egg-info/requires.txt
[1.134s] writing top-level names to ../../build/arm/arm.egg-info/top_level.txt
[1.169s] reading manifest file '../../build/arm/arm.egg-info/SOURCES.txt'
[1.169s] writing manifest file '../../build/arm/arm.egg-info/SOURCES.txt'
[1.170s] running build
[1.170s] running build_py
[1.170s] copying arm/motionPlanning.py -> /home/derek-dietz/MSAI/ComputerVision/Final_Project/ws/interbotix/build/arm/build/lib/arm
[1.170s] running install
[1.174s] running install_lib
[1.202s] copying /home/derek-dietz/MSAI/ComputerVision/Final_Project/ws/interbotix/build/arm/build/lib/arm/motionPlanning.py -> /home/derek-dietz/MSAI/ComputerVision/Final_Project/ws/interbotix/install/lib/python3.12/site-packages/arm
[1.203s] byte-compiling /home/derek-dietz/MSAI/ComputerVision/Final_Project/ws/interbotix/install/lib/python3.12/site-packages/arm/motionPlanning.py to motionPlanning.cpython-312.pyc
[1.203s] running install_data
[1.203s] running install_egg_info
[1.223s] removing '/home/derek-dietz/MSAI/ComputerVision/Final_Project/ws/interbotix/install/lib/python3.12/site-packages/arm-0.0.0-py3.12.egg-info' (and everything under it)
[1.223s] Copying ../../build/arm/arm.egg-info to /home/derek-dietz/MSAI/ComputerVision/Final_Project/ws/interbotix/install/lib/python3.12/site-packages/arm-0.0.0-py3.12.egg-info
[1.224s] running install_scripts
[1.350s] Installing mymotion_planner script to /home/derek-dietz/MSAI/ComputerVision/Final_Project/ws/interbotix/install/lib/arm
[1.350s] writing list of installed files to '/home/derek-dietz/MSAI/ComputerVision/Final_Project/ws/interbotix/build/arm/install.log'
[1.371s] Invoked command in '/home/derek-dietz/MSAI/ComputerVision/Final_Project/ws/interbotix/src/arm' returned '0': DEBUGINFOD_URLS=https://debuginfod.ubuntu.com PYTHONPATH=/home/derek-dietz/MSAI/ComputerVision/Final_Project/ws/interbotix/build/arm/prefix_override:/usr/lib/python3/dist-packages/colcon_core/task/python/colcon_distutils_commands:/home/derek-dietz/MSAI/ComputerVision/Final_Project/ws/interbotix/install/lib/python3.12/site-packages:${PYTHONPATH} /usr/bin/python3 -W ignore:setup.py install is deprecated -W ignore:easy_install command is deprecated setup.py egg_info --egg-base ../../build/arm build --build-base /home/derek-dietz/MSAI/ComputerVision/Final_Project/ws/interbotix/build/arm/build install --record /home/derek-dietz/MSAI/ComputerVision/Final_Project/ws/interbotix/build/arm/install.log --single-version-externally-managed install_data
