[1.088s] Invoking command in '/home/derek-dietz/MSAI/ComputerVision/Final_Project/ws/interbotix/src/interbotix_ros_toolboxes/interbotix_common_toolbox/interbotix_common_modules': DEBUGINFOD_URLS=https://debuginfod.ubuntu.com PYTHONPATH=/home/derek-dietz/MSAI/ComputerVision/Final_Project/ws/interbotix/build/interbotix_common_modules/prefix_override:/usr/lib/python3/dist-packages/colcon_core/task/python/colcon_distutils_commands:/home/derek-dietz/MSAI/ComputerVision/Final_Project/ws/interbotix/install/lib/python3.12/site-packages:${PYTHONPATH} /usr/bin/python3 -W ignore:setup.py install is deprecated -W ignore:easy_install command is deprecated setup.py egg_info --egg-base ../../../../build/interbotix_common_modules build --build-base /home/derek-dietz/MSAI/ComputerVision/Final_Project/ws/interbotix/build/interbotix_common_modules/build install --record /home/derek-dietz/MSAI/ComputerVision/Final_Project/ws/interbotix/build/interbotix_common_modules/install.log --single-version-externally-managed install_data
[1.333s] running egg_info
[1.333s] creating ../../../../build/interbotix_common_modules/interbotix_common_modules.egg-info
[1.354s] writing ../../../../build/interbotix_common_modules/interbotix_common_modules.egg-info/PKG-INFO
[1.354s] writing dependency_links to ../../../../build/interbotix_common_modules/interbotix_common_modules.egg-info/dependency_links.txt
[1.354s] writing requirements to ../../../../build/interbotix_common_modules/interbotix_common_modules.egg-info/requires.txt
[1.354s] writing top-level names to ../../../../build/interbotix_common_modules/interbotix_common_modules.egg-info/top_level.txt
[1.355s] writing manifest file '../../../../build/interbotix_common_modules/interbotix_common_modules.egg-info/SOURCES.txt'
[1.402s] reading manifest file '../../../../build/interbotix_common_modules/interbotix_common_modules.egg-info/SOURCES.txt'
[1.403s] writing manifest file '../../../../build/interbotix_common_modules/interbotix_common_modules.egg-info/SOURCES.txt'
[1.403s] running build
[1.403s] running build_py
[1.403s] creating /home/derek-dietz/MSAI/ComputerVision/Final_Project/ws/interbotix/build/interbotix_common_modules/build
[1.403s] creating /home/derek-dietz/MSAI/ComputerVision/Final_Project/ws/interbotix/build/interbotix_common_modules/build/lib
[1.403s] creating /home/derek-dietz/MSAI/ComputerVision/Final_Project/ws/interbotix/build/interbotix_common_modules/build/lib/interbotix_common_modules
[1.403s] copying interbotix_common_modules/__init__.py -> /home/derek-dietz/MSAI/ComputerVision/Final_Project/ws/interbotix/build/interbotix_common_modules/build/lib/interbotix_common_modules
[1.404s] creating /home/derek-dietz/MSAI/ComputerVision/Final_Project/ws/interbotix/build/interbotix_common_modules/build/lib/interbotix_common_modules/common_robot
[1.404s] copying interbotix_common_modules/common_robot/exceptions.py -> /home/derek-dietz/MSAI/ComputerVision/Final_Project/ws/interbotix/build/interbotix_common_modules/build/lib/interbotix_common_modules/common_robot
[1.404s] copying interbotix_common_modules/common_robot/__init__.py -> /home/derek-dietz/MSAI/ComputerVision/Final_Project/ws/interbotix/build/interbotix_common_modules/build/lib/interbotix_common_modules/common_robot
[1.404s] copying interbotix_common_modules/common_robot/robot.py -> /home/derek-dietz/MSAI/ComputerVision/Final_Project/ws/interbotix/build/interbotix_common_modules/build/lib/interbotix_common_modules/common_robot
[1.404s] creating /home/derek-dietz/MSAI/ComputerVision/Final_Project/ws/interbotix/build/interbotix_common_modules/build/lib/interbotix_common_modules/angle_manipulation
[1.404s] copying interbotix_common_modules/angle_manipulation/angle_manipulation.py -> /home/derek-dietz/MSAI/ComputerVision/Final_Project/ws/interbotix/build/interbotix_common_modules/build/lib/interbotix_common_modules/angle_manipulation
[1.404s] copying interbotix_common_modules/angle_manipulation/__init__.py -> /home/derek-dietz/MSAI/ComputerVision/Final_Project/ws/interbotix/build/interbotix_common_modules/build/lib/interbotix_common_modules/angle_manipulation
[1.404s] creating /home/derek-dietz/MSAI/ComputerVision/Final_Project/ws/interbotix/build/interbotix_common_modules/build/lib/interbotix_common_modules/launch
[1.405s] copying interbotix_common_modules/launch/and_condition.py -> /home/derek-dietz/MSAI/ComputerVision/Final_Project/ws/interbotix/build/interbotix_common_modules/build/lib/interbotix_common_modules/launch
[1.405s] copying interbotix_common_modules/launch/or_condition.py -> /home/derek-dietz/MSAI/ComputerVision/Final_Project/ws/interbotix/build/interbotix_common_modules/build/lib/interbotix_common_modules/launch
[1.405s] copying interbotix_common_modules/launch/__init__.py -> /home/derek-dietz/MSAI/ComputerVision/Final_Project/ws/interbotix/build/interbotix_common_modules/build/lib/interbotix_common_modules/launch
[1.405s] creating /home/derek-dietz/MSAI/ComputerVision/Final_Project/ws/interbotix/build/interbotix_common_modules/build/lib/interbotix_common_modules/py_common
[1.405s] copying interbotix_common_modules/py_common/params.py -> /home/derek-dietz/MSAI/ComputerVision/Final_Project/ws/interbotix/build/interbotix_common_modules/build/lib/interbotix_common_modules/py_common
[1.405s] copying interbotix_common_modules/py_common/__init__.py -> /home/derek-dietz/MSAI/ComputerVision/Final_Project/ws/interbotix/build/interbotix_common_modules/build/lib/interbotix_common_modules/py_common
[1.406s] running install
[1.412s] running install_lib
[1.438s] creating /home/derek-dietz/MSAI/ComputerVision/Final_Project/ws/interbotix/install/lib/python3.12/site-packages/interbotix_common_modules
[1.438s] creating /home/derek-dietz/MSAI/ComputerVision/Final_Project/ws/interbotix/install/lib/python3.12/site-packages/interbotix_common_modules/common_robot
[1.438s] copying /home/derek-dietz/MSAI/ComputerVision/Final_Project/ws/interbotix/build/interbotix_common_modules/build/lib/interbotix_common_modules/common_robot/exceptions.py -> /home/derek-dietz/MSAI/ComputerVision/Final_Project/ws/interbotix/install/lib/python3.12/site-packages/interbotix_common_modules/common_robot
[1.438s] copying /home/derek-dietz/MSAI/ComputerVision/Final_Project/ws/interbotix/build/interbotix_common_modules/build/lib/interbotix_common_modules/common_robot/__init__.py -> /home/derek-dietz/MSAI/ComputerVision/Final_Project/ws/interbotix/install/lib/python3.12/site-packages/interbotix_common_modules/common_robot
[1.438s] copying /home/derek-dietz/MSAI/ComputerVision/Final_Project/ws/interbotix/build/interbotix_common_modules/build/lib/interbotix_common_modules/common_robot/robot.py -> /home/derek-dietz/MSAI/ComputerVision/Final_Project/ws/interbotix/install/lib/python3.12/site-packages/interbotix_common_modules/common_robot
[1.439s] creating /home/derek-dietz/MSAI/ComputerVision/Final_Project/ws/interbotix/install/lib/python3.12/site-packages/interbotix_common_modules/angle_manipulation
[1.439s] copying /home/derek-dietz/MSAI/ComputerVision/Final_Project/ws/interbotix/build/interbotix_common_modules/build/lib/interbotix_common_modules/angle_manipulation/angle_manipulation.py -> /home/derek-dietz/MSAI/ComputerVision/Final_Project/ws/interbotix/install/lib/python3.12/site-packages/interbotix_common_modules/angle_manipulation
[1.439s] copying /home/derek-dietz/MSAI/ComputerVision/Final_Project/ws/interbotix/build/interbotix_common_modules/build/lib/interbotix_common_modules/angle_manipulation/__init__.py -> /home/derek-dietz/MSAI/ComputerVision/Final_Project/ws/interbotix/install/lib/python3.12/site-packages/interbotix_common_modules/angle_manipulation
[1.439s] creating /home/derek-dietz/MSAI/ComputerVision/Final_Project/ws/interbotix/install/lib/python3.12/site-packages/interbotix_common_modules/launch
[1.439s] copying /home/derek-dietz/MSAI/ComputerVision/Final_Project/ws/interbotix/build/interbotix_common_modules/build/lib/interbotix_common_modules/launch/and_condition.py -> /home/derek-dietz/MSAI/ComputerVision/Final_Project/ws/interbotix/install/lib/python3.12/site-packages/interbotix_common_modules/launch
[1.439s] copying /home/derek-dietz/MSAI/ComputerVision/Final_Project/ws/interbotix/build/interbotix_common_modules/build/lib/interbotix_common_modules/launch/or_condition.py -> /home/derek-dietz/MSAI/ComputerVision/Final_Project/ws/interbotix/install/lib/python3.12/site-packages/interbotix_common_modules/launch
[1.439s] copying /home/derek-dietz/MSAI/ComputerVision/Final_Project/ws/interbotix/build/interbotix_common_modules/build/lib/interbotix_common_modules/launch/__init__.py -> /home/derek-dietz/MSAI/ComputerVision/Final_Project/ws/interbotix/install/lib/python3.12/site-packages/interbotix_common_modules/launch
[1.439s] copying /home/derek-dietz/MSAI/ComputerVision/Final_Project/ws/interbotix/build/interbotix_common_modules/build/lib/interbotix_common_modules/__init__.py -> /home/derek-dietz/MSAI/ComputerVision/Final_Project/ws/interbotix/install/lib/python3.12/site-packages/interbotix_common_modules
[1.439s] creating /home/derek-dietz/MSAI/ComputerVision/Final_Project/ws/interbotix/install/lib/python3.12/site-packages/interbotix_common_modules/py_common
[1.439s] copying /home/derek-dietz/MSAI/ComputerVision/Final_Project/ws/interbotix/build/interbotix_common_modules/build/lib/interbotix_common_modules/py_common/params.py -> /home/derek-dietz/MSAI/ComputerVision/Final_Project/ws/interbotix/install/lib/python3.12/site-packages/interbotix_common_modules/py_common
[1.439s] copying /home/derek-dietz/MSAI/ComputerVision/Final_Project/ws/interbotix/build/interbotix_common_modules/build/lib/interbotix_common_modules/py_common/__init__.py -> /home/derek-dietz/MSAI/ComputerVision/Final_Project/ws/interbotix/install/lib/python3.12/site-packages/interbotix_common_modules/py_common
[1.440s] byte-compiling /home/derek-dietz/MSAI/ComputerVision/Final_Project/ws/interbotix/install/lib/python3.12/site-packages/interbotix_common_modules/common_robot/exceptions.py to exceptions.cpython-312.pyc
[1.440s] byte-compiling /home/derek-dietz/MSAI/ComputerVision/Final_Project/ws/interbotix/install/lib/python3.12/site-packages/interbotix_common_modules/common_robot/__init__.py to __init__.cpython-312.pyc
[1.440s] byte-compiling /home/derek-dietz/MSAI/ComputerVision/Final_Project/ws/interbotix/install/lib/python3.12/site-packages/interbotix_common_modules/common_robot/robot.py to robot.cpython-312.pyc
[1.440s] byte-compiling /home/derek-dietz/MSAI/ComputerVision/Final_Project/ws/interbotix/install/lib/python3.12/site-packages/interbotix_common_modules/angle_manipulation/angle_manipulation.py to angle_manipulation.cpython-312.pyc
[1.441s] byte-compiling /home/derek-dietz/MSAI/ComputerVision/Final_Project/ws/interbotix/install/lib/python3.12/site-packages/interbotix_common_modules/angle_manipulation/__init__.py to __init__.cpython-312.pyc
[1.441s] byte-compiling /home/derek-dietz/MSAI/ComputerVision/Final_Project/ws/interbotix/install/lib/python3.12/site-packages/interbotix_common_modules/launch/and_condition.py to and_condition.cpython-312.pyc
[1.442s] byte-compiling /home/derek-dietz/MSAI/ComputerVision/Final_Project/ws/interbotix/install/lib/python3.12/site-packages/interbotix_common_modules/launch/or_condition.py to or_condition.cpython-312.pyc
[1.442s] byte-compiling /home/derek-dietz/MSAI/ComputerVision/Final_Project/ws/interbotix/install/lib/python3.12/site-packages/interbotix_common_modules/launch/__init__.py to __init__.cpython-312.pyc
[1.442s] byte-compiling /home/derek-dietz/MSAI/ComputerVision/Final_Project/ws/interbotix/install/lib/python3.12/site-packages/interbotix_common_modules/__init__.py to __init__.cpython-312.pyc
[1.442s] byte-compiling /home/derek-dietz/MSAI/ComputerVision/Final_Project/ws/interbotix/install/lib/python3.12/site-packages/interbotix_common_modules/py_common/params.py to params.cpython-312.pyc
[1.443s] byte-compiling /home/derek-dietz/MSAI/ComputerVision/Final_Project/ws/interbotix/install/lib/python3.12/site-packages/interbotix_common_modules/py_common/__init__.py to __init__.cpython-312.pyc
[1.443s] running install_data
[1.443s] copying resource/interbotix_common_modules -> /home/derek-dietz/MSAI/ComputerVision/Final_Project/ws/interbotix/install/share/ament_index/resource_index/packages
[1.443s] copying package.xml -> /home/derek-dietz/MSAI/ComputerVision/Final_Project/ws/interbotix/install/share/interbotix_common_modules
[1.443s] running install_egg_info
[1.464s] Copying ../../../../build/interbotix_common_modules/interbotix_common_modules.egg-info to /home/derek-dietz/MSAI/ComputerVision/Final_Project/ws/interbotix/install/lib/python3.12/site-packages/interbotix_common_modules-0.0.0-py3.12.egg-info
[1.465s] running install_scripts
[1.588s] writing list of installed files to '/home/derek-dietz/MSAI/ComputerVision/Final_Project/ws/interbotix/build/interbotix_common_modules/install.log'
[1.609s] Invoked command in '/home/derek-dietz/MSAI/ComputerVision/Final_Project/ws/interbotix/src/interbotix_ros_toolboxes/interbotix_common_toolbox/interbotix_common_modules' returned '0': DEBUGINFOD_URLS=https://debuginfod.ubuntu.com PYTHONPATH=/home/derek-dietz/MSAI/ComputerVision/Final_Project/ws/interbotix/build/interbotix_common_modules/prefix_override:/usr/lib/python3/dist-packages/colcon_core/task/python/colcon_distutils_commands:/home/derek-dietz/MSAI/ComputerVision/Final_Project/ws/interbotix/install/lib/python3.12/site-packages:${PYTHONPATH} /usr/bin/python3 -W ignore:setup.py install is deprecated -W ignore:easy_install command is deprecated setup.py egg_info --egg-base ../../../../build/interbotix_common_modules build --build-base /home/derek-dietz/MSAI/ComputerVision/Final_Project/ws/interbotix/build/interbotix_common_modules/build install --record /home/derek-dietz/MSAI/ComputerVision/Final_Project/ws/interbotix/build/interbotix_common_modules/install.log --single-version-externally-managed install_data
