-- The C compiler identification is GNU 14.0.1
-- The CXX compiler identification is GNU 14.0.1
-- Detecting C compiler ABI info
-- Detecting C compiler ABI info - done
-- Check for working C compiler: /usr/bin/cc - skipped
-- Detecting C compile features
-- Detecting C compile features - done
-- Detecting CXX compiler ABI info
-- Detecting CXX compiler ABI info - done
-- Check for working CXX compiler: /usr/bin/c++ - skipped
-- Detecting CXX compile features
-- Detecting CXX compile features - done
-- Found ament_cmake: 2.7.4 (/opt/ros/kilted/share/ament_cmake/cmake)
-- Found Python3: /usr/bin/python3 (found version "3.12.3") found components: Interpreter 
-- Configuring done (0.7s)
-- Generating done (0.0s)
-- Build files have been written to: /home/derek-dietz/MSAI/ComputerVision/Final_Project/ws/interbotix/build/interbotix_xsarm_sim
-- Install configuration: "Release"
-- Installing: /home/derek-dietz/MSAI/ComputerVision/Final_Project/ws/interbotix/install/share/interbotix_xsarm_sim//launch
-- Installing: /home/derek-dietz/MSAI/ComputerVision/Final_Project/ws/interbotix/install/share/interbotix_xsarm_sim//launch/xsarm_gz_classic.launch.py
-- Installing: /home/derek-dietz/MSAI/ComputerVision/Final_Project/ws/interbotix/install/share/interbotix_xsarm_sim//config
-- Installing: /home/derek-dietz/MSAI/ComputerVision/Final_Project/ws/interbotix/install/share/interbotix_xsarm_sim//config/trajectory_controllers
-- Installing: /home/derek-dietz/MSAI/ComputerVision/Final_Project/ws/interbotix/install/share/interbotix_xsarm_sim//config/trajectory_controllers/px100_trajectory_controllers.yaml
-- Installing: /home/derek-dietz/MSAI/ComputerVision/Final_Project/ws/interbotix/install/share/interbotix_xsarm_sim//config/trajectory_controllers/mobile_wx200_trajectory_controllers.yaml
-- Installing: /home/derek-dietz/MSAI/ComputerVision/Final_Project/ws/interbotix/install/share/interbotix_xsarm_sim//config/trajectory_controllers/mobile_wx250s_trajectory_controllers.yaml
-- Installing: /home/derek-dietz/MSAI/ComputerVision/Final_Project/ws/interbotix/install/share/interbotix_xsarm_sim//config/trajectory_controllers/vx300s_trajectory_controllers.yaml
-- Installing: /home/derek-dietz/MSAI/ComputerVision/Final_Project/ws/interbotix/install/share/interbotix_xsarm_sim//config/trajectory_controllers/wx250_trajectory_controllers.yaml
-- Installing: /home/derek-dietz/MSAI/ComputerVision/Final_Project/ws/interbotix/install/share/interbotix_xsarm_sim//config/trajectory_controllers/vx250_trajectory_controllers.yaml
-- Installing: /home/derek-dietz/MSAI/ComputerVision/Final_Project/ws/interbotix/install/share/interbotix_xsarm_sim//config/trajectory_controllers/wx250s_trajectory_controllers.yaml
-- Installing: /home/derek-dietz/MSAI/ComputerVision/Final_Project/ws/interbotix/install/share/interbotix_xsarm_sim//config/trajectory_controllers/wx200_trajectory_controllers.yaml
-- Installing: /home/derek-dietz/MSAI/ComputerVision/Final_Project/ws/interbotix/install/share/interbotix_xsarm_sim//config/trajectory_controllers/mobile_px100_trajectory_controllers.yaml
-- Installing: /home/derek-dietz/MSAI/ComputerVision/Final_Project/ws/interbotix/install/share/interbotix_xsarm_sim//config/trajectory_controllers/vx300_trajectory_controllers.yaml
-- Installing: /home/derek-dietz/MSAI/ComputerVision/Final_Project/ws/interbotix/install/share/interbotix_xsarm_sim//config/trajectory_controllers/rx200_trajectory_controllers.yaml
-- Installing: /home/derek-dietz/MSAI/ComputerVision/Final_Project/ws/interbotix/install/share/interbotix_xsarm_sim//config/trajectory_controllers/rx150_trajectory_controllers.yaml
-- Installing: /home/derek-dietz/MSAI/ComputerVision/Final_Project/ws/interbotix/install/share/interbotix_xsarm_sim//config/trajectory_controllers/px150_trajectory_controllers.yaml
-- Installing: /home/derek-dietz/MSAI/ComputerVision/Final_Project/ws/interbotix/install/share/interbotix_xsarm_sim//rviz
-- Installing: /home/derek-dietz/MSAI/ComputerVision/Final_Project/ws/interbotix/install/share/interbotix_xsarm_sim//rviz/xsarm_gz_classic.rviz
-- Installing: /home/derek-dietz/MSAI/ComputerVision/Final_Project/ws/interbotix/install/share/ament_index/resource_index/package_run_dependencies/interbotix_xsarm_sim
-- Installing: /home/derek-dietz/MSAI/ComputerVision/Final_Project/ws/interbotix/install/share/ament_index/resource_index/parent_prefix_path/interbotix_xsarm_sim
-- Installing: /home/derek-dietz/MSAI/ComputerVision/Final_Project/ws/interbotix/install/share/interbotix_xsarm_sim/environment/ament_prefix_path.sh
-- Installing: /home/derek-dietz/MSAI/ComputerVision/Final_Project/ws/interbotix/install/share/interbotix_xsarm_sim/environment/ament_prefix_path.dsv
-- Installing: /home/derek-dietz/MSAI/ComputerVision/Final_Project/ws/interbotix/install/share/interbotix_xsarm_sim/environment/path.sh
-- Installing: /home/derek-dietz/MSAI/ComputerVision/Final_Project/ws/interbotix/install/share/interbotix_xsarm_sim/environment/path.dsv
-- Installing: /home/derek-dietz/MSAI/ComputerVision/Final_Project/ws/interbotix/install/share/interbotix_xsarm_sim/local_setup.bash
-- Installing: /home/derek-dietz/MSAI/ComputerVision/Final_Project/ws/interbotix/install/share/interbotix_xsarm_sim/local_setup.sh
-- Installing: /home/derek-dietz/MSAI/ComputerVision/Final_Project/ws/interbotix/install/share/interbotix_xsarm_sim/local_setup.zsh
-- Installing: /home/derek-dietz/MSAI/ComputerVision/Final_Project/ws/interbotix/install/share/interbotix_xsarm_sim/local_setup.dsv
-- Installing: /home/derek-dietz/MSAI/ComputerVision/Final_Project/ws/interbotix/install/share/interbotix_xsarm_sim/package.dsv
-- Installing: /home/derek-dietz/MSAI/ComputerVision/Final_Project/ws/interbotix/install/share/ament_index/resource_index/packages/interbotix_xsarm_sim
-- Installing: /home/derek-dietz/MSAI/ComputerVision/Final_Project/ws/interbotix/install/share/interbotix_xsarm_sim/cmake/interbotix_xsarm_simConfig.cmake
-- Installing: /home/derek-dietz/MSAI/ComputerVision/Final_Project/ws/interbotix/install/share/interbotix_xsarm_sim/cmake/interbotix_xsarm_simConfig-version.cmake
-- Installing: /home/derek-dietz/MSAI/ComputerVision/Final_Project/ws/interbotix/install/share/interbotix_xsarm_sim/package.xml
