[0.202s] Invoking command in '/home/derek-dietz/MSAI/ComputerVision/Final_Project/ws/interbotix/build/interbotix_xs_rviz': CMAKE_PREFIX_PATH=${CMAKE_PREFIX_PATH}:/opt/ros/kilted DEBUGINFOD_URLS=https://debuginfod.ubuntu.com PYTHONPATH=/home/derek-dietz/MSAI/ComputerVision/Final_Project/ws/interbotix/install/lib/python3.12/site-packages:/home/derek-dietz/MSAI/ComputerVision/Final_Project/ros_ws/build/arm:/home/derek-dietz/MSAI/ComputerVision/Final_Project/ros_ws/install/arm/lib/python3.12/site-packages:/opt/ros/kilted/lib/python3.12/site-packages /usr/bin/cmake /home/derek-dietz/MSAI/ComputerVision/Final_Project/ws/interbotix/src/interbotix_ros_toolboxes/interbotix_xs_toolbox/interbotix_xs_rviz -DCMAKE_INSTALL_PREFIX=/home/derek-dietz/MSAI/ComputerVision/Final_Project/ws/interbotix/install
[0.221s] -- Found ament_cmake: 2.7.4 (/opt/ros/kilted/share/ament_cmake/cmake)
[0.396s] -- Found pluginlib: 5.6.2 (/opt/ros/kilted/share/pluginlib/cmake)
[0.403s] -- Found TinyXML2 via Config file: /usr/lib/x86_64-linux-gnu/cmake/tinyxml2
[0.414s] -- Found rclcpp: 29.5.6 (/opt/ros/kilted/share/rclcpp/cmake)
[0.425s] -- Found rosidl_generator_c: 4.9.6 (/opt/ros/kilted/share/rosidl_generator_c/cmake)
[0.430s] -- Found rosidl_generator_cpp: 4.9.6 (/opt/ros/kilted/share/rosidl_generator_cpp/cmake)
[0.438s] -- Using all available rosidl_typesupport_c: rosidl_typesupport_fastrtps_c;rosidl_typesupport_introspection_c
[0.445s] -- Using all available rosidl_typesupport_cpp: rosidl_typesupport_fastrtps_cpp;rosidl_typesupport_introspection_cpp
[0.485s] -- Found rmw_implementation_cmake: 7.8.2 (/opt/ros/kilted/share/rmw_implementation_cmake/cmake)
[0.486s] -- Found rmw_fastrtps_cpp: 9.3.3 (/opt/ros/kilted/share/rmw_fastrtps_cpp/cmake)
[0.500s] -- Found TinyXML2 via Config file: /usr/lib/x86_64-linux-gnu/cmake/tinyxml2
[0.512s] -- Found TinyXML2 via Config file: /usr/lib/x86_64-linux-gnu/cmake/tinyxml2
[0.522s] -- Using RMW implementation 'rmw_fastrtps_cpp' as default
[0.570s] -- Found rviz_common: 15.0.11 (/opt/ros/kilted/share/rviz_common/cmake)
[0.596s] -- Setting OGRE_DIR to: '/opt/ros/kilted/share/rviz_ogre_vendor/cmake/../../../opt/rviz_ogre_vendor/lib/OGRE/cmake'
[0.596s] -- Found OGRE
[0.597s] --   static     : OFF
[0.597s] --   components : MeshLodGenerator;Overlay;Paging;Property;RTShaderSystem;Terrain;Volume
[0.597s] --   plugins    : Plugin_BSPSceneManager;Plugin_OctreeSceneManager;Plugin_PCZSceneManager;Plugin_ParticleFX;RenderSystem_GL;RenderSystem_GL3Plus;Codec_STBI
[0.597s] --   media      : /opt/ros/kilted/opt/rviz_ogre_vendor/share/OGRE/Media
[0.597s] -- OGRE_LIBRARIES: OgreMeshLodGenerator;OgreOverlay;OgrePaging;OgreProperty;OgreRTShaderSystem;OgreTerrain;OgreVolume;OgreMain
[0.597s] -- OGRE_LIBRARY_DIRS: /opt/ros/kilted/opt/rviz_ogre_vendor/lib
[0.597s] -- OGRE_PLUGINS: Plugin_BSPSceneManager;Plugin_OctreeSceneManager;Plugin_PCZSceneManager;Plugin_ParticleFX;RenderSystem_GL;RenderSystem_GL3Plus;Codec_STBI
[0.597s] -- OGRE_PLUGIN_DIR: /opt/ros/kilted/opt/rviz_ogre_vendor/lib/OGRE
[0.597s] -- rviz_ogre_vendor::OgreOverlay for IMPORTED_LOCATION_RELEASE: /opt/ros/kilted/opt/rviz_ogre_vendor/lib/libOgreOverlay.so
[0.598s] -- rviz_ogre_vendor::OgreOverlay for IMPORTED_LOCATION_DEBUG: /opt/ros/kilted/opt/rviz_ogre_vendor/lib/libOgreOverlay.so
[0.598s] -- rviz_ogre_vendor::OgreMain for IMPORTED_LOCATION_RELEASE: /opt/ros/kilted/opt/rviz_ogre_vendor/lib/libOgreMain.so
[0.598s] -- rviz_ogre_vendor::OgreMain for IMPORTED_LOCATION_DEBUG: /opt/ros/kilted/opt/rviz_ogre_vendor/lib/libOgreMain.so
[0.785s] -- Setting yaml-cpp_DIR to: '/opt/ros/kilted/share/yaml_cpp_vendor/cmake/../../../opt/yaml_cpp_vendor/share/cmake/yaml-cpp'
[0.790s] -- Found interbotix_xs_msgs: 0.0.0 (/home/derek-dietz/MSAI/ComputerVision/Final_Project/ws/interbotix/install/share/interbotix_xs_msgs/cmake)
[0.824s] [0mCMake Deprecation Warning at /opt/ros/kilted/share/ament_cmake_target_dependencies/cmake/ament_target_dependencies.cmake:87 (message):
[0.825s]   ament_target_dependencies() is deprecated.  Use target_link_libraries()
[0.825s]   with modern CMake targets instead.  Try replacing this call with:
[0.825s] 
[0.825s]     target_link_libraries(interbotix_xs_rviz PUBLIC
[0.825s]       ${interbotix_xs_msgs_TARGETS}
[0.825s]       pluginlib::pluginlib
[0.825s]       rclcpp::rclcpp
[0.825s]       rviz_common::rviz_common
[0.825s]     )
[0.825s] 
[0.825s] Call Stack (most recent call first):
[0.826s]   CMakeLists.txt:57 (ament_target_dependencies)
[0.826s] 
[0.826s] [0m
[0.887s] -- Configuring done (0.7s)
[0.921s] -- Generating done (0.0s)
[0.927s] -- Build files have been written to: /home/derek-dietz/MSAI/ComputerVision/Final_Project/ws/interbotix/build/interbotix_xs_rviz
[0.940s] Invoked command in '/home/derek-dietz/MSAI/ComputerVision/Final_Project/ws/interbotix/build/interbotix_xs_rviz' returned '0': CMAKE_PREFIX_PATH=${CMAKE_PREFIX_PATH}:/opt/ros/kilted DEBUGINFOD_URLS=https://debuginfod.ubuntu.com PYTHONPATH=/home/derek-dietz/MSAI/ComputerVision/Final_Project/ws/interbotix/install/lib/python3.12/site-packages:/home/derek-dietz/MSAI/ComputerVision/Final_Project/ros_ws/build/arm:/home/derek-dietz/MSAI/ComputerVision/Final_Project/ros_ws/install/arm/lib/python3.12/site-packages:/opt/ros/kilted/lib/python3.12/site-packages /usr/bin/cmake /home/derek-dietz/MSAI/ComputerVision/Final_Project/ws/interbotix/src/interbotix_ros_toolboxes/interbotix_xs_toolbox/interbotix_xs_rviz -DCMAKE_INSTALL_PREFIX=/home/derek-dietz/MSAI/ComputerVision/Final_Project/ws/interbotix/install
[0.940s] Invoking command in '/home/derek-dietz/MSAI/ComputerVision/Final_Project/ws/interbotix/build/interbotix_xs_rviz': CMAKE_PREFIX_PATH=${CMAKE_PREFIX_PATH}:/opt/ros/kilted DEBUGINFOD_URLS=https://debuginfod.ubuntu.com PYTHONPATH=/home/derek-dietz/MSAI/ComputerVision/Final_Project/ws/interbotix/install/lib/python3.12/site-packages:/home/derek-dietz/MSAI/ComputerVision/Final_Project/ros_ws/build/arm:/home/derek-dietz/MSAI/ComputerVision/Final_Project/ros_ws/install/arm/lib/python3.12/site-packages:/opt/ros/kilted/lib/python3.12/site-packages /usr/bin/cmake --build /home/derek-dietz/MSAI/ComputerVision/Final_Project/ws/interbotix/build/interbotix_xs_rviz -- -j22 -l22
[1.006s] [  0%] Built target interbotix_xs_rviz_autogen_timestamp_deps
[1.049s] [ 16%] [34m[1mAutomatic MOC for target interbotix_xs_rviz[0m
[1.085s] [ 16%] Built target interbotix_xs_rviz_autogen
[1.145s] [100%] Built target interbotix_xs_rviz
[1.159s] Invoked command in '/home/derek-dietz/MSAI/ComputerVision/Final_Project/ws/interbotix/build/interbotix_xs_rviz' returned '0': CMAKE_PREFIX_PATH=${CMAKE_PREFIX_PATH}:/opt/ros/kilted DEBUGINFOD_URLS=https://debuginfod.ubuntu.com PYTHONPATH=/home/derek-dietz/MSAI/ComputerVision/Final_Project/ws/interbotix/install/lib/python3.12/site-packages:/home/derek-dietz/MSAI/ComputerVision/Final_Project/ros_ws/build/arm:/home/derek-dietz/MSAI/ComputerVision/Final_Project/ros_ws/install/arm/lib/python3.12/site-packages:/opt/ros/kilted/lib/python3.12/site-packages /usr/bin/cmake --build /home/derek-dietz/MSAI/ComputerVision/Final_Project/ws/interbotix/build/interbotix_xs_rviz -- -j22 -l22
[1.160s] Invoking command in '/home/derek-dietz/MSAI/ComputerVision/Final_Project/ws/interbotix/build/interbotix_xs_rviz': CMAKE_PREFIX_PATH=${CMAKE_PREFIX_PATH}:/opt/ros/kilted DEBUGINFOD_URLS=https://debuginfod.ubuntu.com PYTHONPATH=/home/derek-dietz/MSAI/ComputerVision/Final_Project/ws/interbotix/install/lib/python3.12/site-packages:/home/derek-dietz/MSAI/ComputerVision/Final_Project/ros_ws/build/arm:/home/derek-dietz/MSAI/ComputerVision/Final_Project/ros_ws/install/arm/lib/python3.12/site-packages:/opt/ros/kilted/lib/python3.12/site-packages /usr/bin/cmake --install /home/derek-dietz/MSAI/ComputerVision/Final_Project/ws/interbotix/build/interbotix_xs_rviz
[1.170s] -- Install configuration: "Release"
[1.171s] -- Up-to-date: /home/derek-dietz/MSAI/ComputerVision/Final_Project/ws/interbotix/install/share/interbotix_xs_rviz/plugin_description.xml
[1.171s] -- Up-to-date: /home/derek-dietz/MSAI/ComputerVision/Final_Project/ws/interbotix/install/lib/libinterbotix_xs_rviz.so
[1.171s] -- Up-to-date: /home/derek-dietz/MSAI/ComputerVision/Final_Project/ws/interbotix/install/include/
[1.171s] -- Up-to-date: /home/derek-dietz/MSAI/ComputerVision/Final_Project/ws/interbotix/install/include//interbotix_xs_rviz
[1.171s] -- Up-to-date: /home/derek-dietz/MSAI/ComputerVision/Final_Project/ws/interbotix/install/include//interbotix_xs_rviz/xs_register_descriptions.hpp
[1.171s] -- Up-to-date: /home/derek-dietz/MSAI/ComputerVision/Final_Project/ws/interbotix/install/include//interbotix_xs_rviz/interbotix_control_panel.hpp
[1.171s] -- Up-to-date: /home/derek-dietz/MSAI/ComputerVision/Final_Project/ws/interbotix/install/share/interbotix_xs_rviz//icons
[1.171s] -- Up-to-date: /home/derek-dietz/MSAI/ComputerVision/Final_Project/ws/interbotix/install/share/interbotix_xs_rviz//icons/classes
[1.172s] -- Up-to-date: /home/derek-dietz/MSAI/ComputerVision/Final_Project/ws/interbotix/install/share/interbotix_xs_rviz//icons/classes/Interbotix Control Panel.png
[1.172s] -- Up-to-date: /home/derek-dietz/MSAI/ComputerVision/Final_Project/ws/interbotix/install/share/interbotix_xs_rviz/environment/library_path.sh
[1.172s] -- Up-to-date: /home/derek-dietz/MSAI/ComputerVision/Final_Project/ws/interbotix/install/share/interbotix_xs_rviz/environment/library_path.dsv
[1.172s] -- Up-to-date: /home/derek-dietz/MSAI/ComputerVision/Final_Project/ws/interbotix/install/share/ament_index/resource_index/package_run_dependencies/interbotix_xs_rviz
[1.172s] -- Up-to-date: /home/derek-dietz/MSAI/ComputerVision/Final_Project/ws/interbotix/install/share/ament_index/resource_index/parent_prefix_path/interbotix_xs_rviz
[1.172s] -- Up-to-date: /home/derek-dietz/MSAI/ComputerVision/Final_Project/ws/interbotix/install/share/interbotix_xs_rviz/environment/ament_prefix_path.sh
[1.172s] -- Up-to-date: /home/derek-dietz/MSAI/ComputerVision/Final_Project/ws/interbotix/install/share/interbotix_xs_rviz/environment/ament_prefix_path.dsv
[1.172s] -- Up-to-date: /home/derek-dietz/MSAI/ComputerVision/Final_Project/ws/interbotix/install/share/interbotix_xs_rviz/environment/path.sh
[1.173s] -- Up-to-date: /home/derek-dietz/MSAI/ComputerVision/Final_Project/ws/interbotix/install/share/interbotix_xs_rviz/environment/path.dsv
[1.173s] -- Up-to-date: /home/derek-dietz/MSAI/ComputerVision/Final_Project/ws/interbotix/install/share/interbotix_xs_rviz/local_setup.bash
[1.173s] -- Up-to-date: /home/derek-dietz/MSAI/ComputerVision/Final_Project/ws/interbotix/install/share/interbotix_xs_rviz/local_setup.sh
[1.173s] -- Up-to-date: /home/derek-dietz/MSAI/ComputerVision/Final_Project/ws/interbotix/install/share/interbotix_xs_rviz/local_setup.zsh
[1.173s] -- Up-to-date: /home/derek-dietz/MSAI/ComputerVision/Final_Project/ws/interbotix/install/share/interbotix_xs_rviz/local_setup.dsv
[1.173s] -- Installing: /home/derek-dietz/MSAI/ComputerVision/Final_Project/ws/interbotix/install/share/interbotix_xs_rviz/package.dsv
[1.173s] -- Up-to-date: /home/derek-dietz/MSAI/ComputerVision/Final_Project/ws/interbotix/install/share/ament_index/resource_index/packages/interbotix_xs_rviz
[1.173s] -- Up-to-date: /home/derek-dietz/MSAI/ComputerVision/Final_Project/ws/interbotix/install/share/ament_index/resource_index/rviz_common__pluginlib__plugin/interbotix_xs_rviz
[1.173s] -- Up-to-date: /home/derek-dietz/MSAI/ComputerVision/Final_Project/ws/interbotix/install/share/interbotix_xs_rviz/cmake/interbotix_xs_rvizExport.cmake
[1.173s] -- Up-to-date: /home/derek-dietz/MSAI/ComputerVision/Final_Project/ws/interbotix/install/share/interbotix_xs_rviz/cmake/interbotix_xs_rvizExport-release.cmake
[1.173s] -- Up-to-date: /home/derek-dietz/MSAI/ComputerVision/Final_Project/ws/interbotix/install/share/interbotix_xs_rviz/cmake/ament_cmake_export_targets-extras.cmake
[1.173s] -- Up-to-date: /home/derek-dietz/MSAI/ComputerVision/Final_Project/ws/interbotix/install/share/interbotix_xs_rviz/cmake/ament_cmake_export_dependencies-extras.cmake
[1.173s] -- Up-to-date: /home/derek-dietz/MSAI/ComputerVision/Final_Project/ws/interbotix/install/share/interbotix_xs_rviz/cmake/interbotix_xs_rvizConfig.cmake
[1.173s] -- Up-to-date: /home/derek-dietz/MSAI/ComputerVision/Final_Project/ws/interbotix/install/share/interbotix_xs_rviz/cmake/interbotix_xs_rvizConfig-version.cmake
[1.174s] -- Up-to-date: /home/derek-dietz/MSAI/ComputerVision/Final_Project/ws/interbotix/install/share/interbotix_xs_rviz/package.xml
[1.175s] Invoked command in '/home/derek-dietz/MSAI/ComputerVision/Final_Project/ws/interbotix/build/interbotix_xs_rviz' returned '0': CMAKE_PREFIX_PATH=${CMAKE_PREFIX_PATH}:/opt/ros/kilted DEBUGINFOD_URLS=https://debuginfod.ubuntu.com PYTHONPATH=/home/derek-dietz/MSAI/ComputerVision/Final_Project/ws/interbotix/install/lib/python3.12/site-packages:/home/derek-dietz/MSAI/ComputerVision/Final_Project/ros_ws/build/arm:/home/derek-dietz/MSAI/ComputerVision/Final_Project/ros_ws/install/arm/lib/python3.12/site-packages:/opt/ros/kilted/lib/python3.12/site-packages /usr/bin/cmake --install /home/derek-dietz/MSAI/ComputerVision/Final_Project/ws/interbotix/build/interbotix_xs_rviz
