/home/derek-dietz/MSAI/ComputerVision/Final_Project/ws/interbotix/install/lib/python3.12/site-packages/interbotix_xs_modules/__init__.py
/home/derek-dietz/MSAI/ComputerVision/Final_Project/ws/interbotix/install/lib/python3.12/site-packages/interbotix_xs_modules/xs_common/xs_common.py
/home/derek-dietz/MSAI/ComputerVision/Final_Project/ws/interbotix/install/lib/python3.12/site-packages/interbotix_xs_modules/xs_common/__init__.py
/home/derek-dietz/MSAI/ComputerVision/Final_Project/ws/interbotix/install/lib/python3.12/site-packages/interbotix_xs_modules/xs_launch/xs_launch.py
/home/derek-dietz/MSAI/ComputerVision/Final_Project/ws/interbotix/install/lib/python3.12/site-packages/interbotix_xs_modules/xs_launch/__init__.py
/home/derek-dietz/MSAI/ComputerVision/Final_Project/ws/interbotix/install/lib/python3.12/site-packages/interbotix_xs_modules/xs_robot/gripper.py
/home/derek-dietz/MSAI/ComputerVision/Final_Project/ws/interbotix/install/lib/python3.12/site-packages/interbotix_xs_modules/xs_robot/core.py
/home/derek-dietz/MSAI/ComputerVision/Final_Project/ws/interbotix/install/lib/python3.12/site-packages/interbotix_xs_modules/xs_robot/hexapod.py
/home/derek-dietz/MSAI/ComputerVision/Final_Project/ws/interbotix/install/lib/python3.12/site-packages/interbotix_xs_modules/xs_robot/arm.py
/home/derek-dietz/MSAI/ComputerVision/Final_Project/ws/interbotix/install/lib/python3.12/site-packages/interbotix_xs_modules/xs_robot/kobuki.py
/home/derek-dietz/MSAI/ComputerVision/Final_Project/ws/interbotix/install/lib/python3.12/site-packages/interbotix_xs_modules/xs_robot/mr_descriptions.py
/home/derek-dietz/MSAI/ComputerVision/Final_Project/ws/interbotix/install/lib/python3.12/site-packages/interbotix_xs_modules/xs_robot/locobot.py
/home/derek-dietz/MSAI/ComputerVision/Final_Project/ws/interbotix/install/lib/python3.12/site-packages/interbotix_xs_modules/xs_robot/create3.py
/home/derek-dietz/MSAI/ComputerVision/Final_Project/ws/interbotix/install/lib/python3.12/site-packages/interbotix_xs_modules/xs_robot/mobile_base.py
/home/derek-dietz/MSAI/ComputerVision/Final_Project/ws/interbotix/install/lib/python3.12/site-packages/interbotix_xs_modules/xs_robot/turret.py
/home/derek-dietz/MSAI/ComputerVision/Final_Project/ws/interbotix/install/lib/python3.12/site-packages/interbotix_xs_modules/xs_robot/slate.py
/home/derek-dietz/MSAI/ComputerVision/Final_Project/ws/interbotix/install/lib/python3.12/site-packages/interbotix_xs_modules/xs_robot/__init__.py
/home/derek-dietz/MSAI/ComputerVision/Final_Project/ws/interbotix/install/lib/python3.12/site-packages/interbotix_xs_modules/__pycache__/__init__.cpython-312.pyc
/home/derek-dietz/MSAI/ComputerVision/Final_Project/ws/interbotix/install/lib/python3.12/site-packages/interbotix_xs_modules/xs_common/__pycache__/xs_common.cpython-312.pyc
/home/derek-dietz/MSAI/ComputerVision/Final_Project/ws/interbotix/install/lib/python3.12/site-packages/interbotix_xs_modules/xs_common/__pycache__/__init__.cpython-312.pyc
/home/derek-dietz/MSAI/ComputerVision/Final_Project/ws/interbotix/install/lib/python3.12/site-packages/interbotix_xs_modules/xs_launch/__pycache__/xs_launch.cpython-312.pyc
/home/derek-dietz/MSAI/ComputerVision/Final_Project/ws/interbotix/install/lib/python3.12/site-packages/interbotix_xs_modules/xs_launch/__pycache__/__init__.cpython-312.pyc
/home/derek-dietz/MSAI/ComputerVision/Final_Project/ws/interbotix/install/lib/python3.12/site-packages/interbotix_xs_modules/xs_robot/__pycache__/gripper.cpython-312.pyc
/home/derek-dietz/MSAI/ComputerVision/Final_Project/ws/interbotix/install/lib/python3.12/site-packages/interbotix_xs_modules/xs_robot/__pycache__/core.cpython-312.pyc
/home/derek-dietz/MSAI/ComputerVision/Final_Project/ws/interbotix/install/lib/python3.12/site-packages/interbotix_xs_modules/xs_robot/__pycache__/hexapod.cpython-312.pyc
/home/derek-dietz/MSAI/ComputerVision/Final_Project/ws/interbotix/install/lib/python3.12/site-packages/interbotix_xs_modules/xs_robot/__pycache__/arm.cpython-312.pyc
/home/derek-dietz/MSAI/ComputerVision/Final_Project/ws/interbotix/install/lib/python3.12/site-packages/interbotix_xs_modules/xs_robot/__pycache__/kobuki.cpython-312.pyc
/home/derek-dietz/MSAI/ComputerVision/Final_Project/ws/interbotix/install/lib/python3.12/site-packages/interbotix_xs_modules/xs_robot/__pycache__/mr_descriptions.cpython-312.pyc
/home/derek-dietz/MSAI/ComputerVision/Final_Project/ws/interbotix/install/lib/python3.12/site-packages/interbotix_xs_modules/xs_robot/__pycache__/locobot.cpython-312.pyc
/home/derek-dietz/MSAI/ComputerVision/Final_Project/ws/interbotix/install/lib/python3.12/site-packages/interbotix_xs_modules/xs_robot/__pycache__/create3.cpython-312.pyc
/home/derek-dietz/MSAI/ComputerVision/Final_Project/ws/interbotix/install/lib/python3.12/site-packages/interbotix_xs_modules/xs_robot/__pycache__/mobile_base.cpython-312.pyc
/home/derek-dietz/MSAI/ComputerVision/Final_Project/ws/interbotix/install/lib/python3.12/site-packages/interbotix_xs_modules/xs_robot/__pycache__/turret.cpython-312.pyc
/home/derek-dietz/MSAI/ComputerVision/Final_Project/ws/interbotix/install/lib/python3.12/site-packages/interbotix_xs_modules/xs_robot/__pycache__/slate.cpython-312.pyc
/home/derek-dietz/MSAI/ComputerVision/Final_Project/ws/interbotix/install/lib/python3.12/site-packages/interbotix_xs_modules/xs_robot/__pycache__/__init__.cpython-312.pyc
/home/derek-dietz/MSAI/ComputerVision/Final_Project/ws/interbotix/install/share/ament_index/resource_index/packages/interbotix_xs_modules
/home/derek-dietz/MSAI/ComputerVision/Final_Project/ws/interbotix/install/share/interbotix_xs_modules/package.xml
/home/derek-dietz/MSAI/ComputerVision/Final_Project/ws/interbotix/install/lib/python3.12/site-packages/interbotix_xs_modules-0.0.0-py3.12.egg-info/dependency_links.txt
/home/derek-dietz/MSAI/ComputerVision/Final_Project/ws/interbotix/install/lib/python3.12/site-packages/interbotix_xs_modules-0.0.0-py3.12.egg-info/PKG-INFO
/home/derek-dietz/MSAI/ComputerVision/Final_Project/ws/interbotix/install/lib/python3.12/site-packages/interbotix_xs_modules-0.0.0-py3.12.egg-info/zip-safe
/home/derek-dietz/MSAI/ComputerVision/Final_Project/ws/interbotix/install/lib/python3.12/site-packages/interbotix_xs_modules-0.0.0-py3.12.egg-info/requires.txt
/home/derek-dietz/MSAI/ComputerVision/Final_Project/ws/interbotix/install/lib/python3.12/site-packages/interbotix_xs_modules-0.0.0-py3.12.egg-info/top_level.txt
/home/derek-dietz/MSAI/ComputerVision/Final_Project/ws/interbotix/install/lib/python3.12/site-packages/interbotix_xs_modules-0.0.0-py3.12.egg-info/SOURCES.txt
