[0.680s] Invoking command in '/home/derek-dietz/MSAI/ComputerVision/Final_Project/ws/interbotix/src/arm': DEBUGINFOD_URLS=https://debuginfod.ubuntu.com PYTHONPATH=/home/derek-dietz/MSAI/ComputerVision/Final_Project/ws/interbotix/build/arm/prefix_override:/usr/lib/python3/dist-packages/colcon_core/task/python/colcon_distutils_commands:/home/derek-dietz/MSAI/ComputerVision/Final_Project/ws/interbotix/install/lib/python3.12/site-packages:${PYTHONPATH} /usr/bin/python3 -W ignore:setup.py install is deprecated -W ignore:easy_install command is deprecated setup.py egg_info --egg-base ../ws/interbotix/build/arm build --build-base /home/derek-dietz/MSAI/ComputerVision/Final_Project/ws/interbotix/build/arm/build install --record /home/derek-dietz/MSAI/ComputerVision/Final_Project/ws/interbotix/build/arm/install.log --single-version-externally-managed install_data
[0.913s] running egg_info
[0.931s] writing ../ws/interbotix/build/arm/arm.egg-info/PKG-INFO
[0.931s] writing dependency_links to ../ws/interbotix/build/arm/arm.egg-info/dependency_links.txt
[0.931s] writing entry points to ../ws/interbotix/build/arm/arm.egg-info/entry_points.txt
[0.931s] writing requirements to ../ws/interbotix/build/arm/arm.egg-info/requires.txt
[0.931s] writing top-level names to ../ws/interbotix/build/arm/arm.egg-info/top_level.txt
[0.968s] reading manifest file '../ws/interbotix/build/arm/arm.egg-info/SOURCES.txt'
[0.968s] writing manifest file '../ws/interbotix/build/arm/arm.egg-info/SOURCES.txt'
[0.968s] running build
[0.968s] running build_py
[0.969s] running install
[0.972s] running install_lib
[0.991s] running install_data
[0.991s] running install_egg_info
[1.010s] removing '/home/derek-dietz/MSAI/ComputerVision/Final_Project/ws/interbotix/install/lib/python3.12/site-packages/arm-0.0.0-py3.12.egg-info' (and everything under it)
[1.010s] Copying ../ws/interbotix/build/arm/arm.egg-info to /home/derek-dietz/MSAI/ComputerVision/Final_Project/ws/interbotix/install/lib/python3.12/site-packages/arm-0.0.0-py3.12.egg-info
[1.010s] running install_scripts
[1.118s] Installing motion_planner script to /home/derek-dietz/MSAI/ComputerVision/Final_Project/ws/interbotix/install/lib/arm
[1.118s] writing list of installed files to '/home/derek-dietz/MSAI/ComputerVision/Final_Project/ws/interbotix/build/arm/install.log'
[1.136s] Invoked command in '/home/derek-dietz/MSAI/ComputerVision/Final_Project/ws/interbotix/src/arm' returned '0': DEBUGINFOD_URLS=https://debuginfod.ubuntu.com PYTHONPATH=/home/derek-dietz/MSAI/ComputerVision/Final_Project/ws/interbotix/build/arm/prefix_override:/usr/lib/python3/dist-packages/colcon_core/task/python/colcon_distutils_commands:/home/derek-dietz/MSAI/ComputerVision/Final_Project/ws/interbotix/install/lib/python3.12/site-packages:${PYTHONPATH} /usr/bin/python3 -W ignore:setup.py install is deprecated -W ignore:easy_install command is deprecated setup.py egg_info --egg-base ../ws/interbotix/build/arm build --build-base /home/derek-dietz/MSAI/ComputerVision/Final_Project/ws/interbotix/build/arm/build install --record /home/derek-dietz/MSAI/ComputerVision/Final_Project/ws/interbotix/build/arm/install.log --single-version-externally-managed install_data
