running egg_info
creating ../../../../build/modern_robotics/modern_robotics.egg-info
writing ../../../../build/modern_robotics/modern_robotics.egg-info/PKG-INFO
writing dependency_links to ../../../../build/modern_robotics/modern_robotics.egg-info/dependency_links.txt
writing requirements to ../../../../build/modern_robotics/modern_robotics.egg-info/requires.txt
writing top-level names to ../../../../build/modern_robotics/modern_robotics.egg-info/top_level.txt
writing manifest file '../../../../build/modern_robotics/modern_robotics.egg-info/SOURCES.txt'
reading manifest file '../../../../build/modern_robotics/modern_robotics.egg-info/SOURCES.txt'
writing manifest file '../../../../build/modern_robotics/modern_robotics.egg-info/SOURCES.txt'
running build
running build_py
creating /home/derek-dietz/MSAI/ComputerVision/Final_Project/ws/interbotix/build/modern_robotics/build
creating /home/derek-dietz/MSAI/ComputerVision/Final_Project/ws/interbotix/build/modern_robotics/build/lib
creating /home/derek-dietz/MSAI/ComputerVision/Final_Project/ws/interbotix/build/modern_robotics/build/lib/modern_robotics
copying modern_robotics/__version__.py -> /home/derek-dietz/MSAI/ComputerVision/Final_Project/ws/interbotix/build/modern_robotics/build/lib/modern_robotics
copying modern_robotics/core.py -> /home/derek-dietz/MSAI/ComputerVision/Final_Project/ws/interbotix/build/modern_robotics/build/lib/modern_robotics
copying modern_robotics/__init__.py -> /home/derek-dietz/MSAI/ComputerVision/Final_Project/ws/interbotix/build/modern_robotics/build/lib/modern_robotics
running install
running install_lib
creating /home/derek-dietz/MSAI/ComputerVision/Final_Project/ws/interbotix/install/lib/python3.12/site-packages/modern_robotics
copying /home/derek-dietz/MSAI/ComputerVision/Final_Project/ws/interbotix/build/modern_robotics/build/lib/modern_robotics/__version__.py -> /home/derek-dietz/MSAI/ComputerVision/Final_Project/ws/interbotix/install/lib/python3.12/site-packages/modern_robotics
copying /home/derek-dietz/MSAI/ComputerVision/Final_Project/ws/interbotix/build/modern_robotics/build/lib/modern_robotics/core.py -> /home/derek-dietz/MSAI/ComputerVision/Final_Project/ws/interbotix/install/lib/python3.12/site-packages/modern_robotics
copying /home/derek-dietz/MSAI/ComputerVision/Final_Project/ws/interbotix/build/modern_robotics/build/lib/modern_robotics/__init__.py -> /home/derek-dietz/MSAI/ComputerVision/Final_Project/ws/interbotix/install/lib/python3.12/site-packages/modern_robotics
byte-compiling /home/derek-dietz/MSAI/ComputerVision/Final_Project/ws/interbotix/install/lib/python3.12/site-packages/modern_robotics/__version__.py to __version__.cpython-312.pyc
byte-compiling /home/derek-dietz/MSAI/ComputerVision/Final_Project/ws/interbotix/install/lib/python3.12/site-packages/modern_robotics/core.py to core.cpython-312.pyc
byte-compiling /home/derek-dietz/MSAI/ComputerVision/Final_Project/ws/interbotix/install/lib/python3.12/site-packages/modern_robotics/__init__.py to __init__.cpython-312.pyc
running install_egg_info
Copying ../../../../build/modern_robotics/modern_robotics.egg-info to /home/derek-dietz/MSAI/ComputerVision/Final_Project/ws/interbotix/install/lib/python3.12/site-packages/modern_robotics-1.1.0-py3.12.egg-info
running install_scripts
writing list of installed files to '/home/derek-dietz/MSAI/ComputerVision/Final_Project/ws/interbotix/build/modern_robotics/install.log'
