[1.068s] Invoking command in '/home/derek-dietz/MSAI/ComputerVision/Final_Project/ws/interbotix/src/ModernRobotics/packages/Python': DEBUGINFOD_URLS=https://debuginfod.ubuntu.com PYTHONPATH=/home/derek-dietz/MSAI/ComputerVision/Final_Project/ws/interbotix/build/modern_robotics/prefix_override:/usr/lib/python3/dist-packages/colcon_core/task/python/colcon_distutils_commands:/home/derek-dietz/MSAI/ComputerVision/Final_Project/ws/interbotix/install/lib/python3.12/site-packages:${PYTHONPATH} /usr/bin/python3 -W ignore:setup.py install is deprecated -W ignore:easy_install command is deprecated setup.py egg_info --egg-base ../../../../build/modern_robotics build --build-base /home/derek-dietz/MSAI/ComputerVision/Final_Project/ws/interbotix/build/modern_robotics/build install --record /home/derek-dietz/MSAI/ComputerVision/Final_Project/ws/interbotix/build/modern_robotics/install.log --single-version-externally-managed
[1.289s] running egg_info
[1.289s] creating ../../../../build/modern_robotics/modern_robotics.egg-info
[1.310s] writing ../../../../build/modern_robotics/modern_robotics.egg-info/PKG-INFO
[1.311s] writing dependency_links to ../../../../build/modern_robotics/modern_robotics.egg-info/dependency_links.txt
[1.311s] writing requirements to ../../../../build/modern_robotics/modern_robotics.egg-info/requires.txt
[1.311s] writing top-level names to ../../../../build/modern_robotics/modern_robotics.egg-info/top_level.txt
[1.311s] writing manifest file '../../../../build/modern_robotics/modern_robotics.egg-info/SOURCES.txt'
[1.353s] reading manifest file '../../../../build/modern_robotics/modern_robotics.egg-info/SOURCES.txt'
[1.353s] writing manifest file '../../../../build/modern_robotics/modern_robotics.egg-info/SOURCES.txt'
[1.353s] running build
[1.353s] running build_py
[1.354s] creating /home/derek-dietz/MSAI/ComputerVision/Final_Project/ws/interbotix/build/modern_robotics/build
[1.354s] creating /home/derek-dietz/MSAI/ComputerVision/Final_Project/ws/interbotix/build/modern_robotics/build/lib
[1.354s] creating /home/derek-dietz/MSAI/ComputerVision/Final_Project/ws/interbotix/build/modern_robotics/build/lib/modern_robotics
[1.354s] copying modern_robotics/__version__.py -> /home/derek-dietz/MSAI/ComputerVision/Final_Project/ws/interbotix/build/modern_robotics/build/lib/modern_robotics
[1.354s] copying modern_robotics/core.py -> /home/derek-dietz/MSAI/ComputerVision/Final_Project/ws/interbotix/build/modern_robotics/build/lib/modern_robotics
[1.354s] copying modern_robotics/__init__.py -> /home/derek-dietz/MSAI/ComputerVision/Final_Project/ws/interbotix/build/modern_robotics/build/lib/modern_robotics
[1.354s] running install
[1.359s] running install_lib
[1.380s] creating /home/derek-dietz/MSAI/ComputerVision/Final_Project/ws/interbotix/install/lib/python3.12/site-packages/modern_robotics
[1.380s] copying /home/derek-dietz/MSAI/ComputerVision/Final_Project/ws/interbotix/build/modern_robotics/build/lib/modern_robotics/__version__.py -> /home/derek-dietz/MSAI/ComputerVision/Final_Project/ws/interbotix/install/lib/python3.12/site-packages/modern_robotics
[1.380s] copying /home/derek-dietz/MSAI/ComputerVision/Final_Project/ws/interbotix/build/modern_robotics/build/lib/modern_robotics/core.py -> /home/derek-dietz/MSAI/ComputerVision/Final_Project/ws/interbotix/install/lib/python3.12/site-packages/modern_robotics
[1.380s] copying /home/derek-dietz/MSAI/ComputerVision/Final_Project/ws/interbotix/build/modern_robotics/build/lib/modern_robotics/__init__.py -> /home/derek-dietz/MSAI/ComputerVision/Final_Project/ws/interbotix/install/lib/python3.12/site-packages/modern_robotics
[1.380s] byte-compiling /home/derek-dietz/MSAI/ComputerVision/Final_Project/ws/interbotix/install/lib/python3.12/site-packages/modern_robotics/__version__.py to __version__.cpython-312.pyc
[1.381s] byte-compiling /home/derek-dietz/MSAI/ComputerVision/Final_Project/ws/interbotix/install/lib/python3.12/site-packages/modern_robotics/core.py to core.cpython-312.pyc
[1.386s] byte-compiling /home/derek-dietz/MSAI/ComputerVision/Final_Project/ws/interbotix/install/lib/python3.12/site-packages/modern_robotics/__init__.py to __init__.cpython-312.pyc
[1.386s] running install_egg_info
[1.407s] Copying ../../../../build/modern_robotics/modern_robotics.egg-info to /home/derek-dietz/MSAI/ComputerVision/Final_Project/ws/interbotix/install/lib/python3.12/site-packages/modern_robotics-1.1.0-py3.12.egg-info
[1.408s] running install_scripts
[1.534s] writing list of installed files to '/home/derek-dietz/MSAI/ComputerVision/Final_Project/ws/interbotix/build/modern_robotics/install.log'
[1.558s] Invoked command in '/home/derek-dietz/MSAI/ComputerVision/Final_Project/ws/interbotix/src/ModernRobotics/packages/Python' returned '0': DEBUGINFOD_URLS=https://debuginfod.ubuntu.com PYTHONPATH=/home/derek-dietz/MSAI/ComputerVision/Final_Project/ws/interbotix/build/modern_robotics/prefix_override:/usr/lib/python3/dist-packages/colcon_core/task/python/colcon_distutils_commands:/home/derek-dietz/MSAI/ComputerVision/Final_Project/ws/interbotix/install/lib/python3.12/site-packages:${PYTHONPATH} /usr/bin/python3 -W ignore:setup.py install is deprecated -W ignore:easy_install command is deprecated setup.py egg_info --egg-base ../../../../build/modern_robotics build --build-base /home/derek-dietz/MSAI/ComputerVision/Final_Project/ws/interbotix/build/modern_robotics/build install --record /home/derek-dietz/MSAI/ComputerVision/Final_Project/ws/interbotix/build/modern_robotics/install.log --single-version-externally-managed
