running egg_info
writing ../../build/arm/arm.egg-info/PKG-INFO
writing dependency_links to ../../build/arm/arm.egg-info/dependency_links.txt
writing entry points to ../../build/arm/arm.egg-info/entry_points.txt
writing requirements to ../../build/arm/arm.egg-info/requires.txt
writing top-level names to ../../build/arm/arm.egg-info/top_level.txt
reading manifest file '../../build/arm/arm.egg-info/SOURCES.txt'
writing manifest file '../../build/arm/arm.egg-info/SOURCES.txt'
running build
running build_py
running install
running install_lib
running install_data
copying resource/arm -> /home/derek-dietz/MSAI/ComputerVision/Final_Project/ws/interbotix/install/share/ament_index/resource_index/packages
creating /home/derek-dietz/MSAI/ComputerVision/Final_Project/ws/interbotix/install/share/arm
creating /home/derek-dietz/MSAI/ComputerVision/Final_Project/ws/interbotix/install/share/arm/launch
copying launch/launch.py -> /home/derek-dietz/MSAI/ComputerVision/Final_Project/ws/interbotix/install/share/arm/launch
copying package.xml -> /home/derek-dietz/MSAI/ComputerVision/Final_Project/ws/interbotix/install/share/arm
running install_egg_info
removing '/home/derek-dietz/MSAI/ComputerVision/Final_Project/ws/interbotix/install/lib/python3.12/site-packages/arm-0.0.0-py3.12.egg-info' (and everything under it)
Copying ../../build/arm/arm.egg-info to /home/derek-dietz/MSAI/ComputerVision/Final_Project/ws/interbotix/install/lib/python3.12/site-packages/arm-0.0.0-py3.12.egg-info
running install_scripts
Installing motion_planner script to /home/derek-dietz/MSAI/ComputerVision/Final_Project/ws/interbotix/install/lib/arm
writing list of installed files to '/home/derek-dietz/MSAI/ComputerVision/Final_Project/ws/interbotix/build/arm/install.log'
