-- The CXX compiler identification is GNU 14.0.1
-- Detecting CXX compiler ABI info
-- Detecting CXX compiler ABI info - done
-- Check for working CXX compiler: /usr/bin/c++ - skipped
-- Detecting CXX compile features
-- Detecting CXX compile features - done
-- Found dynamixel_workbench_toolbox: 2.2.4 (/opt/ros/kilted/share/dynamixel_workbench_toolbox/cmake)
-- Found Python3: /usr/bin/python3 (found version "3.12.3") found components: Interpreter 
-- Found rosidl_generator_c: 4.9.6 (/opt/ros/kilted/share/rosidl_generator_c/cmake)
-- Found rosidl_generator_cpp: 4.9.6 (/opt/ros/kilted/share/rosidl_generator_cpp/cmake)
-- Using all available rosidl_typesupport_c: rosidl_typesupport_fastrtps_c;rosidl_typesupport_introspection_c
-- Using all available rosidl_typesupport_cpp: rosidl_typesupport_fastrtps_cpp;rosidl_typesupport_introspection_cpp
-- Found rmw_implementation_cmake: 7.8.2 (/opt/ros/kilted/share/rmw_implementation_cmake/cmake)
-- Found rmw_fastrtps_cpp: 9.3.3 (/opt/ros/kilted/share/rmw_fastrtps_cpp/cmake)
-- Found OpenSSL: /usr/lib/x86_64-linux-gnu/libcrypto.so (found version "3.0.13")  
-- Using RMW implementation 'rmw_fastrtps_cpp' as default
[0mCMake Deprecation Warning at /opt/ros/kilted/share/ament_cmake_target_dependencies/cmake/ament_target_dependencies.cmake:87 (message):
  ament_target_dependencies() is deprecated.  Use target_link_libraries()
  with modern CMake targets instead.  Try replacing this call with:

    target_link_libraries(interbotix_xs_driver PUBLIC
      
    )

Call Stack (most recent call first):
  CMakeLists.txt:32 (ament_target_dependencies)

[0m
-- Configuring done (1.1s)
-- Generating done (0.0s)
-- Build files have been written to: /home/derek-dietz/MSAI/ComputerVision/Final_Project/ws/interbotix/build/interbotix_xs_driver
[ 66%] [32mBuilding CXX object CMakeFiles/interbotix_xs_driver.dir/src/xs_logging.cpp.o[0m
[ 66%] [32mBuilding CXX object CMakeFiles/interbotix_xs_driver.dir/src/xs_driver.cpp.o[0m
[100%] [32m[1mLinking CXX shared library libinterbotix_xs_driver.so[0m
[100%] Built target interbotix_xs_driver
-- Install configuration: "Release"
-- Installing: /home/derek-dietz/MSAI/ComputerVision/Final_Project/ws/interbotix/install/lib/libinterbotix_xs_driver.so
-- Set non-toolchain portion of runtime path of "/home/derek-dietz/MSAI/ComputerVision/Final_Project/ws/interbotix/install/lib/libinterbotix_xs_driver.so" to ""
-- Installing: /home/derek-dietz/MSAI/ComputerVision/Final_Project/ws/interbotix/install/include/interbotix_xs_driver/version.hpp
-- Up-to-date: /home/derek-dietz/MSAI/ComputerVision/Final_Project/ws/interbotix/install/include/interbotix_xs_driver
-- Installing: /home/derek-dietz/MSAI/ComputerVision/Final_Project/ws/interbotix/install/include/interbotix_xs_driver/xs_common.hpp
-- Installing: /home/derek-dietz/MSAI/ComputerVision/Final_Project/ws/interbotix/install/include/interbotix_xs_driver/xs_driver.hpp
-- Installing: /home/derek-dietz/MSAI/ComputerVision/Final_Project/ws/interbotix/install/include/interbotix_xs_driver/xs_logging.hpp
-- Installing: /home/derek-dietz/MSAI/ComputerVision/Final_Project/ws/interbotix/install/share/interbotix_xs_driver/package.xml
-- Installing: /home/derek-dietz/MSAI/ComputerVision/Final_Project/ws/interbotix/install/share/ament_index/resource_index/package_run_dependencies/interbotix_xs_driver
-- Installing: /home/derek-dietz/MSAI/ComputerVision/Final_Project/ws/interbotix/install/share/ament_index/resource_index/parent_prefix_path/interbotix_xs_driver
-- Installing: /home/derek-dietz/MSAI/ComputerVision/Final_Project/ws/interbotix/install/share/interbotix_xs_driver/environment/ament_prefix_path.sh
-- Installing: /home/derek-dietz/MSAI/ComputerVision/Final_Project/ws/interbotix/install/share/interbotix_xs_driver/environment/ament_prefix_path.dsv
-- Installing: /home/derek-dietz/MSAI/ComputerVision/Final_Project/ws/interbotix/install/share/interbotix_xs_driver/environment/path.sh
-- Installing: /home/derek-dietz/MSAI/ComputerVision/Final_Project/ws/interbotix/install/share/interbotix_xs_driver/environment/path.dsv
-- Installing: /home/derek-dietz/MSAI/ComputerVision/Final_Project/ws/interbotix/install/share/interbotix_xs_driver/local_setup.bash
-- Installing: /home/derek-dietz/MSAI/ComputerVision/Final_Project/ws/interbotix/install/share/interbotix_xs_driver/local_setup.sh
-- Installing: /home/derek-dietz/MSAI/ComputerVision/Final_Project/ws/interbotix/install/share/interbotix_xs_driver/local_setup.zsh
-- Installing: /home/derek-dietz/MSAI/ComputerVision/Final_Project/ws/interbotix/install/share/interbotix_xs_driver/local_setup.dsv
-- Installing: /home/derek-dietz/MSAI/ComputerVision/Final_Project/ws/interbotix/install/share/interbotix_xs_driver/package.dsv
-- Installing: /home/derek-dietz/MSAI/ComputerVision/Final_Project/ws/interbotix/install/share/ament_index/resource_index/packages/interbotix_xs_driver
-- Installing: /home/derek-dietz/MSAI/ComputerVision/Final_Project/ws/interbotix/install/share/interbotix_xs_driver/cmake/export_interbotix_xs_driverExport.cmake
-- Installing: /home/derek-dietz/MSAI/ComputerVision/Final_Project/ws/interbotix/install/share/interbotix_xs_driver/cmake/export_interbotix_xs_driverExport-release.cmake
-- Installing: /home/derek-dietz/MSAI/ComputerVision/Final_Project/ws/interbotix/install/share/interbotix_xs_driver/cmake/ament_cmake_export_dependencies-extras.cmake
-- Installing: /home/derek-dietz/MSAI/ComputerVision/Final_Project/ws/interbotix/install/share/interbotix_xs_driver/cmake/ament_cmake_export_targets-extras.cmake
-- Installing: /home/derek-dietz/MSAI/ComputerVision/Final_Project/ws/interbotix/install/share/interbotix_xs_driver/cmake/interbotix_xs_driverConfig.cmake
-- Installing: /home/derek-dietz/MSAI/ComputerVision/Final_Project/ws/interbotix/install/share/interbotix_xs_driver/cmake/interbotix_xs_driverConfig-version.cmake
-- Up-to-date: /home/derek-dietz/MSAI/ComputerVision/Final_Project/ws/interbotix/install/share/interbotix_xs_driver/package.xml
