running egg_info
creating ../ws/interbotix/build/arm/arm.egg-info
writing ../ws/interbotix/build/arm/arm.egg-info/PKG-INFO
writing dependency_links to ../ws/interbotix/build/arm/arm.egg-info/dependency_links.txt
writing entry points to ../ws/interbotix/build/arm/arm.egg-info/entry_points.txt
writing requirements to ../ws/interbotix/build/arm/arm.egg-info/requires.txt
writing top-level names to ../ws/interbotix/build/arm/arm.egg-info/top_level.txt
writing manifest file '../ws/interbotix/build/arm/arm.egg-info/SOURCES.txt'
reading manifest file '../ws/interbotix/build/arm/arm.egg-info/SOURCES.txt'
writing manifest file '../ws/interbotix/build/arm/arm.egg-info/SOURCES.txt'
running build
running build_py
creating /home/derek-dietz/MSAI/ComputerVision/Final_Project/ws/interbotix/build/arm/build
creating /home/derek-dietz/MSAI/ComputerVision/Final_Project/ws/interbotix/build/arm/build/lib
creating /home/derek-dietz/MSAI/ComputerVision/Final_Project/ws/interbotix/build/arm/build/lib/arm
copying arm/motionPlanning.py -> /home/derek-dietz/MSAI/ComputerVision/Final_Project/ws/interbotix/build/arm/build/lib/arm
copying arm/__init__.py -> /home/derek-dietz/MSAI/ComputerVision/Final_Project/ws/interbotix/build/arm/build/lib/arm
copying arm/py.typed -> /home/derek-dietz/MSAI/ComputerVision/Final_Project/ws/interbotix/build/arm/build/lib/arm
running install
running install_lib
creating /home/derek-dietz/MSAI/ComputerVision/Final_Project/ws/interbotix/install/lib/python3.12/site-packages/arm
copying /home/derek-dietz/MSAI/ComputerVision/Final_Project/ws/interbotix/build/arm/build/lib/arm/motionPlanning.py -> /home/derek-dietz/MSAI/ComputerVision/Final_Project/ws/interbotix/install/lib/python3.12/site-packages/arm
copying /home/derek-dietz/MSAI/ComputerVision/Final_Project/ws/interbotix/build/arm/build/lib/arm/py.typed -> /home/derek-dietz/MSAI/ComputerVision/Final_Project/ws/interbotix/install/lib/python3.12/site-packages/arm
copying /home/derek-dietz/MSAI/ComputerVision/Final_Project/ws/interbotix/build/arm/build/lib/arm/__init__.py -> /home/derek-dietz/MSAI/ComputerVision/Final_Project/ws/interbotix/install/lib/python3.12/site-packages/arm
byte-compiling /home/derek-dietz/MSAI/ComputerVision/Final_Project/ws/interbotix/install/lib/python3.12/site-packages/arm/motionPlanning.py to motionPlanning.cpython-312.pyc
byte-compiling /home/derek-dietz/MSAI/ComputerVision/Final_Project/ws/interbotix/install/lib/python3.12/site-packages/arm/__init__.py to __init__.cpython-312.pyc
running install_data
copying resource/arm -> /home/derek-dietz/MSAI/ComputerVision/Final_Project/ws/interbotix/install/share/ament_index/resource_index/packages
creating /home/derek-dietz/MSAI/ComputerVision/Final_Project/ws/interbotix/install/share/arm
copying package.xml -> /home/derek-dietz/MSAI/ComputerVision/Final_Project/ws/interbotix/install/share/arm
running install_egg_info
Copying ../ws/interbotix/build/arm/arm.egg-info to /home/derek-dietz/MSAI/ComputerVision/Final_Project/ws/interbotix/install/lib/python3.12/site-packages/arm-0.0.0-py3.12.egg-info
running install_scripts
Installing motion_planner script to /home/derek-dietz/MSAI/ComputerVision/Final_Project/ws/interbotix/install/lib/arm
writing list of installed files to '/home/derek-dietz/MSAI/ComputerVision/Final_Project/ws/interbotix/build/arm/install.log'
