[0.731s] Invoking command in '/home/derek-dietz/MSAI/ComputerVision/Final_Project/ws/interbotix/src/arm': DEBUGINFOD_URLS=https://debuginfod.ubuntu.com PYTHONPATH=/home/derek-dietz/MSAI/ComputerVision/Final_Project/ws/interbotix/build/arm/prefix_override:/usr/lib/python3/dist-packages/colcon_core/task/python/colcon_distutils_commands:/home/derek-dietz/MSAI/ComputerVision/Final_Project/ws/interbotix/install/lib/python3.12/site-packages:${PYTHONPATH} /usr/bin/python3 -W ignore:setup.py install is deprecated -W ignore:easy_install command is deprecated setup.py egg_info --egg-base ../ws/interbotix/build/arm build --build-base /home/derek-dietz/MSAI/ComputerVision/Final_Project/ws/interbotix/build/arm/build install --record /home/derek-dietz/MSAI/ComputerVision/Final_Project/ws/interbotix/build/arm/install.log --single-version-externally-managed install_data
[0.997s] running egg_info
[0.997s] creating ../ws/interbotix/build/arm/arm.egg-info
[0.997s] writing ../ws/interbotix/build/arm/arm.egg-info/PKG-INFO
[0.997s] writing dependency_links to ../ws/interbotix/build/arm/arm.egg-info/dependency_links.txt
[0.997s] writing entry points to ../ws/interbotix/build/arm/arm.egg-info/entry_points.txt
[0.997s] writing requirements to ../ws/interbotix/build/arm/arm.egg-info/requires.txt
[0.997s] writing top-level names to ../ws/interbotix/build/arm/arm.egg-info/top_level.txt
[0.997s] writing manifest file '../ws/interbotix/build/arm/arm.egg-info/SOURCES.txt'
[1.034s] reading manifest file '../ws/interbotix/build/arm/arm.egg-info/SOURCES.txt'
[1.034s] writing manifest file '../ws/interbotix/build/arm/arm.egg-info/SOURCES.txt'
[1.035s] running build
[1.035s] running build_py
[1.035s] creating /home/derek-dietz/MSAI/ComputerVision/Final_Project/ws/interbotix/build/arm/build
[1.035s] creating /home/derek-dietz/MSAI/ComputerVision/Final_Project/ws/interbotix/build/arm/build/lib
[1.035s] creating /home/derek-dietz/MSAI/ComputerVision/Final_Project/ws/interbotix/build/arm/build/lib/arm
[1.035s] copying arm/motionPlanning.py -> /home/derek-dietz/MSAI/ComputerVision/Final_Project/ws/interbotix/build/arm/build/lib/arm
[1.035s] copying arm/__init__.py -> /home/derek-dietz/MSAI/ComputerVision/Final_Project/ws/interbotix/build/arm/build/lib/arm
[1.036s] copying arm/py.typed -> /home/derek-dietz/MSAI/ComputerVision/Final_Project/ws/interbotix/build/arm/build/lib/arm
[1.036s] running install
[1.039s] running install_lib
[1.058s] creating /home/derek-dietz/MSAI/ComputerVision/Final_Project/ws/interbotix/install/lib/python3.12/site-packages/arm
[1.058s] copying /home/derek-dietz/MSAI/ComputerVision/Final_Project/ws/interbotix/build/arm/build/lib/arm/motionPlanning.py -> /home/derek-dietz/MSAI/ComputerVision/Final_Project/ws/interbotix/install/lib/python3.12/site-packages/arm
[1.058s] copying /home/derek-dietz/MSAI/ComputerVision/Final_Project/ws/interbotix/build/arm/build/lib/arm/py.typed -> /home/derek-dietz/MSAI/ComputerVision/Final_Project/ws/interbotix/install/lib/python3.12/site-packages/arm
[1.058s] copying /home/derek-dietz/MSAI/ComputerVision/Final_Project/ws/interbotix/build/arm/build/lib/arm/__init__.py -> /home/derek-dietz/MSAI/ComputerVision/Final_Project/ws/interbotix/install/lib/python3.12/site-packages/arm
[1.058s] byte-compiling /home/derek-dietz/MSAI/ComputerVision/Final_Project/ws/interbotix/install/lib/python3.12/site-packages/arm/motionPlanning.py to motionPlanning.cpython-312.pyc
[1.059s] byte-compiling /home/derek-dietz/MSAI/ComputerVision/Final_Project/ws/interbotix/install/lib/python3.12/site-packages/arm/__init__.py to __init__.cpython-312.pyc
[1.059s] running install_data
[1.059s] copying resource/arm -> /home/derek-dietz/MSAI/ComputerVision/Final_Project/ws/interbotix/install/share/ament_index/resource_index/packages
[1.059s] creating /home/derek-dietz/MSAI/ComputerVision/Final_Project/ws/interbotix/install/share/arm
[1.060s] copying package.xml -> /home/derek-dietz/MSAI/ComputerVision/Final_Project/ws/interbotix/install/share/arm
[1.060s] running install_egg_info
[1.078s] Copying ../ws/interbotix/build/arm/arm.egg-info to /home/derek-dietz/MSAI/ComputerVision/Final_Project/ws/interbotix/install/lib/python3.12/site-packages/arm-0.0.0-py3.12.egg-info
[1.079s] running install_scripts
[1.192s] Installing motion_planner script to /home/derek-dietz/MSAI/ComputerVision/Final_Project/ws/interbotix/install/lib/arm
[1.193s] writing list of installed files to '/home/derek-dietz/MSAI/ComputerVision/Final_Project/ws/interbotix/build/arm/install.log'
[1.211s] Invoked command in '/home/derek-dietz/MSAI/ComputerVision/Final_Project/ws/interbotix/src/arm' returned '0': DEBUGINFOD_URLS=https://debuginfod.ubuntu.com PYTHONPATH=/home/derek-dietz/MSAI/ComputerVision/Final_Project/ws/interbotix/build/arm/prefix_override:/usr/lib/python3/dist-packages/colcon_core/task/python/colcon_distutils_commands:/home/derek-dietz/MSAI/ComputerVision/Final_Project/ws/interbotix/install/lib/python3.12/site-packages:${PYTHONPATH} /usr/bin/python3 -W ignore:setup.py install is deprecated -W ignore:easy_install command is deprecated setup.py egg_info --egg-base ../ws/interbotix/build/arm build --build-base /home/derek-dietz/MSAI/ComputerVision/Final_Project/ws/interbotix/build/arm/build install --record /home/derek-dietz/MSAI/ComputerVision/Final_Project/ws/interbotix/build/arm/install.log --single-version-externally-managed install_data
