[0.202s] Invoking command in '/home/derek-dietz/MSAI/ComputerVision/Final_Project/ws/interbotix/build/interbotix_moveit_interface_msgs': CMAKE_PREFIX_PATH=${CMAKE_PREFIX_PATH}:/opt/ros/kilted DEBUGINFOD_URLS=https://debuginfod.ubuntu.com /usr/bin/cmake /home/derek-dietz/MSAI/ComputerVision/Final_Project/ws/interbotix/src/interbotix_ros_toolboxes/interbotix_common_toolbox/interbotix_moveit_interface_msgs -DCMAKE_BUILD_TYPE=Release -DBUILD_TESTING=OFF -DCMAKE_INSTALL_PREFIX=/home/derek-dietz/MSAI/ComputerVision/Final_Project/ws/interbotix/install
[0.257s] -- The C compiler identification is GNU 14.0.1
[0.316s] -- The CXX compiler identification is GNU 14.0.1
[0.333s] -- Detecting C compiler ABI info
[0.422s] -- Detecting C compiler ABI info - done
[0.428s] -- Check for working C compiler: /usr/bin/cc - skipped
[0.428s] -- Detecting C compile features
[0.428s] -- Detecting C compile features - done
[0.436s] -- Detecting CXX compiler ABI info
[0.521s] -- Detecting CXX compiler ABI info - done
[0.530s] -- Check for working CXX compiler: /usr/bin/c++ - skipped
[0.530s] -- Detecting CXX compile features
[0.530s] -- Detecting CXX compile features - done
[0.532s] -- Found rosidl_default_generators: 1.7.1 (/opt/ros/kilted/share/rosidl_default_generators/cmake)
[0.656s] -- Found Python3: /usr/bin/python3 (found version "3.12.3") found components: Interpreter 
[0.715s] -- Using all available rosidl_typesupport_c: rosidl_typesupport_fastrtps_c;rosidl_typesupport_introspection_c
[0.773s] -- Using all available rosidl_typesupport_cpp: rosidl_typesupport_fastrtps_cpp;rosidl_typesupport_introspection_cpp
[0.806s] -- Found rosidl_adapter: 4.9.6 (/opt/ros/kilted/share/rosidl_adapter/cmake)
[0.810s] -- Found std_msgs: 5.5.1 (/opt/ros/kilted/share/std_msgs/cmake)
[0.839s] -- Found geometry_msgs: 5.5.1 (/opt/ros/kilted/share/geometry_msgs/cmake)
[1.449s] -- Found ament_cmake_ros_core: 0.14.7 (/opt/ros/kilted/share/ament_cmake_ros_core/cmake)
[1.918s] -- Using all available rosidl_typesupport_c: rosidl_typesupport_fastrtps_c;rosidl_typesupport_introspection_c
[2.641s] -- Using all available rosidl_typesupport_cpp: rosidl_typesupport_fastrtps_cpp;rosidl_typesupport_introspection_cpp
[3.123s] -- Found Python3: /usr/bin/python3 (found version "3.12.3") found components: Interpreter Development NumPy Development.Module Development.Embed 
[3.185s] -- Configuring done (3.0s)
[3.210s] -- Generating done (0.0s)
[3.218s] -- Build files have been written to: /home/derek-dietz/MSAI/ComputerVision/Final_Project/ws/interbotix/build/interbotix_moveit_interface_msgs
[3.225s] Invoked command in '/home/derek-dietz/MSAI/ComputerVision/Final_Project/ws/interbotix/build/interbotix_moveit_interface_msgs' returned '0': CMAKE_PREFIX_PATH=${CMAKE_PREFIX_PATH}:/opt/ros/kilted DEBUGINFOD_URLS=https://debuginfod.ubuntu.com /usr/bin/cmake /home/derek-dietz/MSAI/ComputerVision/Final_Project/ws/interbotix/src/interbotix_ros_toolboxes/interbotix_common_toolbox/interbotix_moveit_interface_msgs -DCMAKE_BUILD_TYPE=Release -DBUILD_TESTING=OFF -DCMAKE_INSTALL_PREFIX=/home/derek-dietz/MSAI/ComputerVision/Final_Project/ws/interbotix/install
[3.226s] Invoking command in '/home/derek-dietz/MSAI/ComputerVision/Final_Project/ws/interbotix/build/interbotix_moveit_interface_msgs': CMAKE_PREFIX_PATH=${CMAKE_PREFIX_PATH}:/opt/ros/kilted DEBUGINFOD_URLS=https://debuginfod.ubuntu.com /usr/bin/cmake --build /home/derek-dietz/MSAI/ComputerVision/Final_Project/ws/interbotix/build/interbotix_moveit_interface_msgs -- -j22 -l22
[3.287s] [  2%] [34m[1mGenerating type hashes for ROS interfaces[0m
[3.297s] [  2%] Built target ament_cmake_python_copy_interbotix_moveit_interface_msgs
[3.479s] [  2%] Built target interbotix_moveit_interface_msgs__rosidl_generator_type_description
[3.497s] [  5%] [34m[1mGenerating C code for ROS interfaces[0m
[3.513s] [  8%] [34m[1mGenerating C++ code for ROS interfaces[0m
[3.523s] running egg_info
[3.523s] creating interbotix_moveit_interface_msgs.egg-info
[3.545s] writing interbotix_moveit_interface_msgs.egg-info/PKG-INFO
[3.545s] writing dependency_links to interbotix_moveit_interface_msgs.egg-info/dependency_links.txt
[3.545s] writing top-level names to interbotix_moveit_interface_msgs.egg-info/top_level.txt
[3.545s] writing manifest file 'interbotix_moveit_interface_msgs.egg-info/SOURCES.txt'
[3.609s] reading manifest file 'interbotix_moveit_interface_msgs.egg-info/SOURCES.txt'
[3.609s] writing manifest file 'interbotix_moveit_interface_msgs.egg-info/SOURCES.txt'
[3.633s] [  8%] Built target ament_cmake_python_build_interbotix_moveit_interface_msgs_egg
[3.795s] [  8%] Built target interbotix_moveit_interface_msgs__cpp
[3.816s] [ 11%] [32mBuilding C object CMakeFiles/interbotix_moveit_interface_msgs__rosidl_generator_c.dir/rosidl_generator_c/interbotix_moveit_interface_msgs/srv/detail/move_it_plan__functions.c.o[0m
[3.817s] [ 14%] [32mBuilding C object CMakeFiles/interbotix_moveit_interface_msgs__rosidl_generator_c.dir/rosidl_generator_c/interbotix_moveit_interface_msgs/srv/detail/move_it_plan__type_support.c.o[0m
[3.819s] [ 17%] [32mBuilding C object CMakeFiles/interbotix_moveit_interface_msgs__rosidl_generator_c.dir/rosidl_generator_c/interbotix_moveit_interface_msgs/srv/detail/move_it_plan__description.c.o[0m
[4.102s] [ 20%] [32m[1mLinking C shared library libinterbotix_moveit_interface_msgs__rosidl_generator_c.so[0m
[4.152s] [ 20%] Built target interbotix_moveit_interface_msgs__rosidl_generator_c
[4.164s] [ 32%] [34m[1mGenerating C++ type support for eProsima Fast-RTPS[0m
[4.165s] [ 32%] [34m[1mGenerating C++ type support dispatch for ROS interfaces[0m
[4.165s] [ 32%] [34m[1mGenerating C++ introspection for ROS interfaces[0m
[4.165s] [ 32%] [34m[1mGenerating C type support dispatch for ROS interfaces[0m
[4.165s] [ 35%] [34m[1mGenerating C type support for eProsima Fast-RTPS[0m
[4.165s] [ 38%] [34m[1mGenerating C introspection for ROS interfaces[0m
[4.383s] [ 41%] [32mBuilding CXX object CMakeFiles/interbotix_moveit_interface_msgs__rosidl_typesupport_cpp.dir/rosidl_typesupport_cpp/interbotix_moveit_interface_msgs/srv/move_it_plan__type_support.cpp.o[0m
[4.384s] [ 44%] [32mBuilding CXX object CMakeFiles/interbotix_moveit_interface_msgs__rosidl_typesupport_c.dir/rosidl_typesupport_c/interbotix_moveit_interface_msgs/srv/move_it_plan__type_support.cpp.o[0m
[4.440s] [ 47%] [32m[1mLinking CXX shared library libinterbotix_moveit_interface_msgs__rosidl_typesupport_c.so[0m
[4.466s] [ 50%] [32mBuilding CXX object CMakeFiles/interbotix_moveit_interface_msgs__rosidl_typesupport_fastrtps_c.dir/rosidl_typesupport_fastrtps_c/interbotix_moveit_interface_msgs/srv/detail/move_it_plan__type_support_c.cpp.o[0m
[4.478s] [ 52%] [32mBuilding CXX object CMakeFiles/interbotix_moveit_interface_msgs__rosidl_typesupport_introspection_cpp.dir/rosidl_typesupport_introspection_cpp/interbotix_moveit_interface_msgs/srv/detail/move_it_plan__type_support.cpp.o[0m
[4.482s] [ 52%] Built target interbotix_moveit_interface_msgs__rosidl_typesupport_c
[4.504s] [ 55%] [32mBuilding C object CMakeFiles/interbotix_moveit_interface_msgs__rosidl_typesupport_introspection_c.dir/rosidl_typesupport_introspection_c/interbotix_moveit_interface_msgs/srv/detail/move_it_plan__type_support.c.o[0m
[4.526s] [ 58%] [32mBuilding CXX object CMakeFiles/interbotix_moveit_interface_msgs__rosidl_typesupport_fastrtps_cpp.dir/rosidl_typesupport_fastrtps_cpp/interbotix_moveit_interface_msgs/srv/detail/dds_fastrtps/move_it_plan__type_support.cpp.o[0m
[4.637s] [ 61%] [32m[1mLinking C shared library libinterbotix_moveit_interface_msgs__rosidl_typesupport_introspection_c.so[0m
[4.681s] [ 61%] Built target interbotix_moveit_interface_msgs__rosidl_typesupport_introspection_c
[5.338s] [ 64%] [32m[1mLinking CXX shared library libinterbotix_moveit_interface_msgs__rosidl_typesupport_cpp.so[0m
[5.424s] [ 64%] Built target interbotix_moveit_interface_msgs__rosidl_typesupport_cpp
[5.492s] [ 67%] [32m[1mLinking CXX shared library libinterbotix_moveit_interface_msgs__rosidl_typesupport_fastrtps_c.so[0m
[5.509s] [ 70%] [32m[1mLinking CXX shared library libinterbotix_moveit_interface_msgs__rosidl_typesupport_introspection_cpp.so[0m
[5.555s] [ 70%] Built target interbotix_moveit_interface_msgs__rosidl_typesupport_fastrtps_c
[5.596s] [ 70%] Built target interbotix_moveit_interface_msgs__rosidl_typesupport_introspection_cpp
[5.840s] [ 73%] [32m[1mLinking CXX shared library libinterbotix_moveit_interface_msgs__rosidl_typesupport_fastrtps_cpp.so[0m
[5.919s] [ 73%] Built target interbotix_moveit_interface_msgs__rosidl_typesupport_fastrtps_cpp
[5.943s] [ 73%] Built target interbotix_moveit_interface_msgs
[5.966s] [ 76%] [34m[1mGenerating Python code for ROS interfaces[0m
[6.364s] [ 76%] Built target interbotix_moveit_interface_msgs__py
[6.391s] [ 79%] [32mBuilding C object CMakeFiles/interbotix_moveit_interface_msgs__rosidl_generator_py.dir/rosidl_generator_py/interbotix_moveit_interface_msgs/srv/_move_it_plan_s.c.o[0m
[6.649s] [ 82%] [32m[1mLinking C shared library libinterbotix_moveit_interface_msgs__rosidl_generator_py.so[0m
[6.704s] [ 82%] Built target interbotix_moveit_interface_msgs__rosidl_generator_py
[6.733s] [ 88%] [32mBuilding C object CMakeFiles/interbotix_moveit_interface_msgs_s__rosidl_typesupport_fastrtps_c.dir/rosidl_generator_py/interbotix_moveit_interface_msgs/_interbotix_moveit_interface_msgs_s.ep.rosidl_typesupport_fastrtps_c.c.o[0m
[6.733s] [ 88%] [32mBuilding C object CMakeFiles/interbotix_moveit_interface_msgs_s__rosidl_typesupport_c.dir/rosidl_generator_py/interbotix_moveit_interface_msgs/_interbotix_moveit_interface_msgs_s.ep.rosidl_typesupport_c.c.o[0m
[6.733s] [ 91%] [32mBuilding C object CMakeFiles/interbotix_moveit_interface_msgs_s__rosidl_typesupport_introspection_c.dir/rosidl_generator_py/interbotix_moveit_interface_msgs/_interbotix_moveit_interface_msgs_s.ep.rosidl_typesupport_introspection_c.c.o[0m
[6.895s] [ 94%] [32m[1mLinking C shared module rosidl_generator_py/interbotix_moveit_interface_msgs/interbotix_moveit_interface_msgs_s__rosidl_typesupport_c.so[0m
[6.907s] [ 97%] [32m[1mLinking C shared module rosidl_generator_py/interbotix_moveit_interface_msgs/interbotix_moveit_interface_msgs_s__rosidl_typesupport_introspection_c.so[0m
[6.926s] [100%] [32m[1mLinking C shared module rosidl_generator_py/interbotix_moveit_interface_msgs/interbotix_moveit_interface_msgs_s__rosidl_typesupport_fastrtps_c.so[0m
[6.933s] [100%] Built target interbotix_moveit_interface_msgs_s__rosidl_typesupport_c
[6.949s] [100%] Built target interbotix_moveit_interface_msgs_s__rosidl_typesupport_introspection_c
[6.963s] [100%] Built target interbotix_moveit_interface_msgs_s__rosidl_typesupport_fastrtps_c
[6.972s] Invoked command in '/home/derek-dietz/MSAI/ComputerVision/Final_Project/ws/interbotix/build/interbotix_moveit_interface_msgs' returned '0': CMAKE_PREFIX_PATH=${CMAKE_PREFIX_PATH}:/opt/ros/kilted DEBUGINFOD_URLS=https://debuginfod.ubuntu.com /usr/bin/cmake --build /home/derek-dietz/MSAI/ComputerVision/Final_Project/ws/interbotix/build/interbotix_moveit_interface_msgs -- -j22 -l22
[6.973s] Invoking command in '/home/derek-dietz/MSAI/ComputerVision/Final_Project/ws/interbotix/build/interbotix_moveit_interface_msgs': CMAKE_PREFIX_PATH=${CMAKE_PREFIX_PATH}:/opt/ros/kilted DEBUGINFOD_URLS=https://debuginfod.ubuntu.com /usr/bin/cmake --install /home/derek-dietz/MSAI/ComputerVision/Final_Project/ws/interbotix/build/interbotix_moveit_interface_msgs
[6.986s] -- Install configuration: "Release"
[6.986s] -- Installing: /home/derek-dietz/MSAI/ComputerVision/Final_Project/ws/interbotix/install/share/ament_index/resource_index/rosidl_interfaces/interbotix_moveit_interface_msgs
[6.986s] -- Installing: /home/derek-dietz/MSAI/ComputerVision/Final_Project/ws/interbotix/install/share/interbotix_moveit_interface_msgs/srv/MoveItPlan.json
[6.986s] -- Installing: /home/derek-dietz/MSAI/ComputerVision/Final_Project/ws/interbotix/install/include/interbotix_moveit_interface_msgs/interbotix_moveit_interface_msgs
[6.986s] -- Installing: /home/derek-dietz/MSAI/ComputerVision/Final_Project/ws/interbotix/install/include/interbotix_moveit_interface_msgs/interbotix_moveit_interface_msgs/msg
[6.986s] -- Installing: /home/derek-dietz/MSAI/ComputerVision/Final_Project/ws/interbotix/install/include/interbotix_moveit_interface_msgs/interbotix_moveit_interface_msgs/msg/rosidl_generator_c__visibility_control.h
[6.986s] -- Installing: /home/derek-dietz/MSAI/ComputerVision/Final_Project/ws/interbotix/install/include/interbotix_moveit_interface_msgs/interbotix_moveit_interface_msgs/srv
[6.986s] -- Installing: /home/derek-dietz/MSAI/ComputerVision/Final_Project/ws/interbotix/install/include/interbotix_moveit_interface_msgs/interbotix_moveit_interface_msgs/srv/move_it_plan.h
[6.986s] -- Installing: /home/derek-dietz/MSAI/ComputerVision/Final_Project/ws/interbotix/install/include/interbotix_moveit_interface_msgs/interbotix_moveit_interface_msgs/srv/detail
[6.987s] -- Installing: /home/derek-dietz/MSAI/ComputerVision/Final_Project/ws/interbotix/install/include/interbotix_moveit_interface_msgs/interbotix_moveit_interface_msgs/srv/detail/move_it_plan__functions.h
[6.987s] -- Installing: /home/derek-dietz/MSAI/ComputerVision/Final_Project/ws/interbotix/install/include/interbotix_moveit_interface_msgs/interbotix_moveit_interface_msgs/srv/detail/move_it_plan__description.c
[6.987s] -- Installing: /home/derek-dietz/MSAI/ComputerVision/Final_Project/ws/interbotix/install/include/interbotix_moveit_interface_msgs/interbotix_moveit_interface_msgs/srv/detail/move_it_plan__functions.c
[6.987s] -- Installing: /home/derek-dietz/MSAI/ComputerVision/Final_Project/ws/interbotix/install/include/interbotix_moveit_interface_msgs/interbotix_moveit_interface_msgs/srv/detail/move_it_plan__type_support.c
[6.987s] -- Installing: /home/derek-dietz/MSAI/ComputerVision/Final_Project/ws/interbotix/install/include/interbotix_moveit_interface_msgs/interbotix_moveit_interface_msgs/srv/detail/move_it_plan__type_support.h
[6.987s] -- Installing: /home/derek-dietz/MSAI/ComputerVision/Final_Project/ws/interbotix/install/include/interbotix_moveit_interface_msgs/interbotix_moveit_interface_msgs/srv/detail/move_it_plan__struct.h
[6.987s] -- Installing: /home/derek-dietz/MSAI/ComputerVision/Final_Project/ws/interbotix/install/share/interbotix_moveit_interface_msgs/environment/library_path.sh
[6.987s] -- Installing: /home/derek-dietz/MSAI/ComputerVision/Final_Project/ws/interbotix/install/share/interbotix_moveit_interface_msgs/environment/library_path.dsv
[6.988s] -- Installing: /home/derek-dietz/MSAI/ComputerVision/Final_Project/ws/interbotix/install/lib/libinterbotix_moveit_interface_msgs__rosidl_generator_c.so
[6.988s] -- Set non-toolchain portion of runtime path of "/home/derek-dietz/MSAI/ComputerVision/Final_Project/ws/interbotix/install/lib/libinterbotix_moveit_interface_msgs__rosidl_generator_c.so" to ""
[6.988s] -- Up-to-date: /home/derek-dietz/MSAI/ComputerVision/Final_Project/ws/interbotix/install/include/interbotix_moveit_interface_msgs/interbotix_moveit_interface_msgs
[6.988s] -- Up-to-date: /home/derek-dietz/MSAI/ComputerVision/Final_Project/ws/interbotix/install/include/interbotix_moveit_interface_msgs/interbotix_moveit_interface_msgs/msg
[6.988s] -- Installing: /home/derek-dietz/MSAI/ComputerVision/Final_Project/ws/interbotix/install/include/interbotix_moveit_interface_msgs/interbotix_moveit_interface_msgs/msg/rosidl_typesupport_fastrtps_c__visibility_control.h
[6.988s] -- Up-to-date: /home/derek-dietz/MSAI/ComputerVision/Final_Project/ws/interbotix/install/include/interbotix_moveit_interface_msgs/interbotix_moveit_interface_msgs/srv
[6.989s] -- Up-to-date: /home/derek-dietz/MSAI/ComputerVision/Final_Project/ws/interbotix/install/include/interbotix_moveit_interface_msgs/interbotix_moveit_interface_msgs/srv/detail
[6.989s] -- Installing: /home/derek-dietz/MSAI/ComputerVision/Final_Project/ws/interbotix/install/include/interbotix_moveit_interface_msgs/interbotix_moveit_interface_msgs/srv/detail/move_it_plan__rosidl_typesupport_fastrtps_c.h
[6.989s] -- Installing: /home/derek-dietz/MSAI/ComputerVision/Final_Project/ws/interbotix/install/lib/libinterbotix_moveit_interface_msgs__rosidl_typesupport_fastrtps_c.so
[6.989s] -- Set non-toolchain portion of runtime path of "/home/derek-dietz/MSAI/ComputerVision/Final_Project/ws/interbotix/install/lib/libinterbotix_moveit_interface_msgs__rosidl_typesupport_fastrtps_c.so" to ""
[6.990s] -- Up-to-date: /home/derek-dietz/MSAI/ComputerVision/Final_Project/ws/interbotix/install/include/interbotix_moveit_interface_msgs/interbotix_moveit_interface_msgs
[6.990s] -- Up-to-date: /home/derek-dietz/MSAI/ComputerVision/Final_Project/ws/interbotix/install/include/interbotix_moveit_interface_msgs/interbotix_moveit_interface_msgs/msg
[6.990s] -- Installing: /home/derek-dietz/MSAI/ComputerVision/Final_Project/ws/interbotix/install/include/interbotix_moveit_interface_msgs/interbotix_moveit_interface_msgs/msg/rosidl_typesupport_introspection_c__visibility_control.h
[6.990s] -- Up-to-date: /home/derek-dietz/MSAI/ComputerVision/Final_Project/ws/interbotix/install/include/interbotix_moveit_interface_msgs/interbotix_moveit_interface_msgs/srv
[6.990s] -- Up-to-date: /home/derek-dietz/MSAI/ComputerVision/Final_Project/ws/interbotix/install/include/interbotix_moveit_interface_msgs/interbotix_moveit_interface_msgs/srv/detail
[6.990s] -- Installing: /home/derek-dietz/MSAI/ComputerVision/Final_Project/ws/interbotix/install/include/interbotix_moveit_interface_msgs/interbotix_moveit_interface_msgs/srv/detail/move_it_plan__rosidl_typesupport_introspection_c.h
[6.990s] -- Up-to-date: /home/derek-dietz/MSAI/ComputerVision/Final_Project/ws/interbotix/install/include/interbotix_moveit_interface_msgs/interbotix_moveit_interface_msgs/srv/detail/move_it_plan__type_support.c
[6.991s] -- Installing: /home/derek-dietz/MSAI/ComputerVision/Final_Project/ws/interbotix/install/lib/libinterbotix_moveit_interface_msgs__rosidl_typesupport_introspection_c.so
[6.991s] -- Set non-toolchain portion of runtime path of "/home/derek-dietz/MSAI/ComputerVision/Final_Project/ws/interbotix/install/lib/libinterbotix_moveit_interface_msgs__rosidl_typesupport_introspection_c.so" to ""
[6.991s] -- Installing: /home/derek-dietz/MSAI/ComputerVision/Final_Project/ws/interbotix/install/lib/libinterbotix_moveit_interface_msgs__rosidl_typesupport_c.so
[6.991s] -- Set non-toolchain portion of runtime path of "/home/derek-dietz/MSAI/ComputerVision/Final_Project/ws/interbotix/install/lib/libinterbotix_moveit_interface_msgs__rosidl_typesupport_c.so" to ""
[7.000s] -- Up-to-date: /home/derek-dietz/MSAI/ComputerVision/Final_Project/ws/interbotix/install/include/interbotix_moveit_interface_msgs/interbotix_moveit_interface_msgs
[7.000s] -- Up-to-date: /home/derek-dietz/MSAI/ComputerVision/Final_Project/ws/interbotix/install/include/interbotix_moveit_interface_msgs/interbotix_moveit_interface_msgs/msg
[7.000s] -- Installing: /home/derek-dietz/MSAI/ComputerVision/Final_Project/ws/interbotix/install/include/interbotix_moveit_interface_msgs/interbotix_moveit_interface_msgs/msg/rosidl_generator_cpp__visibility_control.hpp
[7.000s] -- Up-to-date: /home/derek-dietz/MSAI/ComputerVision/Final_Project/ws/interbotix/install/include/interbotix_moveit_interface_msgs/interbotix_moveit_interface_msgs/srv
[7.000s] -- Up-to-date: /home/derek-dietz/MSAI/ComputerVision/Final_Project/ws/interbotix/install/include/interbotix_moveit_interface_msgs/interbotix_moveit_interface_msgs/srv/detail
[7.000s] -- Installing: /home/derek-dietz/MSAI/ComputerVision/Final_Project/ws/interbotix/install/include/interbotix_moveit_interface_msgs/interbotix_moveit_interface_msgs/srv/detail/move_it_plan__builder.hpp
[7.000s] -- Installing: /home/derek-dietz/MSAI/ComputerVision/Final_Project/ws/interbotix/install/include/interbotix_moveit_interface_msgs/interbotix_moveit_interface_msgs/srv/detail/move_it_plan__type_support.hpp
[7.001s] -- Installing: /home/derek-dietz/MSAI/ComputerVision/Final_Project/ws/interbotix/install/include/interbotix_moveit_interface_msgs/interbotix_moveit_interface_msgs/srv/detail/move_it_plan__struct.hpp
[7.001s] -- Installing: /home/derek-dietz/MSAI/ComputerVision/Final_Project/ws/interbotix/install/include/interbotix_moveit_interface_msgs/interbotix_moveit_interface_msgs/srv/detail/move_it_plan__traits.hpp
[7.001s] -- Installing: /home/derek-dietz/MSAI/ComputerVision/Final_Project/ws/interbotix/install/include/interbotix_moveit_interface_msgs/interbotix_moveit_interface_msgs/srv/move_it_plan.hpp
[7.001s] -- Up-to-date: /home/derek-dietz/MSAI/ComputerVision/Final_Project/ws/interbotix/install/include/interbotix_moveit_interface_msgs/interbotix_moveit_interface_msgs
[7.001s] -- Up-to-date: /home/derek-dietz/MSAI/ComputerVision/Final_Project/ws/interbotix/install/include/interbotix_moveit_interface_msgs/interbotix_moveit_interface_msgs/msg
[7.001s] -- Installing: /home/derek-dietz/MSAI/ComputerVision/Final_Project/ws/interbotix/install/include/interbotix_moveit_interface_msgs/interbotix_moveit_interface_msgs/msg/rosidl_typesupport_fastrtps_cpp__visibility_control.h
[7.001s] -- Up-to-date: /home/derek-dietz/MSAI/ComputerVision/Final_Project/ws/interbotix/install/include/interbotix_moveit_interface_msgs/interbotix_moveit_interface_msgs/srv
[7.001s] -- Up-to-date: /home/derek-dietz/MSAI/ComputerVision/Final_Project/ws/interbotix/install/include/interbotix_moveit_interface_msgs/interbotix_moveit_interface_msgs/srv/detail
[7.001s] -- Installing: /home/derek-dietz/MSAI/ComputerVision/Final_Project/ws/interbotix/install/include/interbotix_moveit_interface_msgs/interbotix_moveit_interface_msgs/srv/detail/dds_fastrtps
[7.001s] -- Installing: /home/derek-dietz/MSAI/ComputerVision/Final_Project/ws/interbotix/install/include/interbotix_moveit_interface_msgs/interbotix_moveit_interface_msgs/srv/detail/move_it_plan__rosidl_typesupport_fastrtps_cpp.hpp
[7.001s] -- Installing: /home/derek-dietz/MSAI/ComputerVision/Final_Project/ws/interbotix/install/lib/libinterbotix_moveit_interface_msgs__rosidl_typesupport_fastrtps_cpp.so
[7.001s] -- Set non-toolchain portion of runtime path of "/home/derek-dietz/MSAI/ComputerVision/Final_Project/ws/interbotix/install/lib/libinterbotix_moveit_interface_msgs__rosidl_typesupport_fastrtps_cpp.so" to ""
[7.001s] -- Up-to-date: /home/derek-dietz/MSAI/ComputerVision/Final_Project/ws/interbotix/install/include/interbotix_moveit_interface_msgs/interbotix_moveit_interface_msgs
[7.001s] -- Up-to-date: /home/derek-dietz/MSAI/ComputerVision/Final_Project/ws/interbotix/install/include/interbotix_moveit_interface_msgs/interbotix_moveit_interface_msgs/srv
[7.002s] -- Up-to-date: /home/derek-dietz/MSAI/ComputerVision/Final_Project/ws/interbotix/install/include/interbotix_moveit_interface_msgs/interbotix_moveit_interface_msgs/srv/detail
[7.002s] -- Installing: /home/derek-dietz/MSAI/ComputerVision/Final_Project/ws/interbotix/install/include/interbotix_moveit_interface_msgs/interbotix_moveit_interface_msgs/srv/detail/move_it_plan__rosidl_typesupport_introspection_cpp.hpp
[7.002s] -- Installing: /home/derek-dietz/MSAI/ComputerVision/Final_Project/ws/interbotix/install/include/interbotix_moveit_interface_msgs/interbotix_moveit_interface_msgs/srv/detail/move_it_plan__type_support.cpp
[7.002s] -- Installing: /home/derek-dietz/MSAI/ComputerVision/Final_Project/ws/interbotix/install/lib/libinterbotix_moveit_interface_msgs__rosidl_typesupport_introspection_cpp.so
[7.002s] -- Set non-toolchain portion of runtime path of "/home/derek-dietz/MSAI/ComputerVision/Final_Project/ws/interbotix/install/lib/libinterbotix_moveit_interface_msgs__rosidl_typesupport_introspection_cpp.so" to ""
[7.002s] -- Installing: /home/derek-dietz/MSAI/ComputerVision/Final_Project/ws/interbotix/install/lib/libinterbotix_moveit_interface_msgs__rosidl_typesupport_cpp.so
[7.002s] -- Set non-toolchain portion of runtime path of "/home/derek-dietz/MSAI/ComputerVision/Final_Project/ws/interbotix/install/lib/libinterbotix_moveit_interface_msgs__rosidl_typesupport_cpp.so" to ""
[7.002s] -- Installing: /home/derek-dietz/MSAI/ComputerVision/Final_Project/ws/interbotix/install/share/interbotix_moveit_interface_msgs/environment/pythonpath.sh
[7.002s] -- Installing: /home/derek-dietz/MSAI/ComputerVision/Final_Project/ws/interbotix/install/share/interbotix_moveit_interface_msgs/environment/pythonpath.dsv
[7.002s] -- Installing: /home/derek-dietz/MSAI/ComputerVision/Final_Project/ws/interbotix/install/lib/python3.12/site-packages/interbotix_moveit_interface_msgs-0.0.0-py3.12.egg-info
[7.002s] -- Installing: /home/derek-dietz/MSAI/ComputerVision/Final_Project/ws/interbotix/install/lib/python3.12/site-packages/interbotix_moveit_interface_msgs-0.0.0-py3.12.egg-info/dependency_links.txt
[7.002s] -- Installing: /home/derek-dietz/MSAI/ComputerVision/Final_Project/ws/interbotix/install/lib/python3.12/site-packages/interbotix_moveit_interface_msgs-0.0.0-py3.12.egg-info/PKG-INFO
[7.002s] -- Installing: /home/derek-dietz/MSAI/ComputerVision/Final_Project/ws/interbotix/install/lib/python3.12/site-packages/interbotix_moveit_interface_msgs-0.0.0-py3.12.egg-info/top_level.txt
[7.003s] -- Installing: /home/derek-dietz/MSAI/ComputerVision/Final_Project/ws/interbotix/install/lib/python3.12/site-packages/interbotix_moveit_interface_msgs-0.0.0-py3.12.egg-info/SOURCES.txt
[7.003s] -- Installing: /home/derek-dietz/MSAI/ComputerVision/Final_Project/ws/interbotix/install/lib/python3.12/site-packages/interbotix_moveit_interface_msgs
[7.003s] -- Installing: /home/derek-dietz/MSAI/ComputerVision/Final_Project/ws/interbotix/install/lib/python3.12/site-packages/interbotix_moveit_interface_msgs/_interbotix_moveit_interface_msgs_s.ep.rosidl_typesupport_introspection_c.c
[7.003s] -- Installing: /home/derek-dietz/MSAI/ComputerVision/Final_Project/ws/interbotix/install/lib/python3.12/site-packages/interbotix_moveit_interface_msgs/_interbotix_moveit_interface_msgs_s.ep.rosidl_typesupport_fastrtps_c.c
[7.003s] -- Installing: /home/derek-dietz/MSAI/ComputerVision/Final_Project/ws/interbotix/install/lib/python3.12/site-packages/interbotix_moveit_interface_msgs/interbotix_moveit_interface_msgs_s__rosidl_typesupport_c.so
[7.003s] -- Installing: /home/derek-dietz/MSAI/ComputerVision/Final_Project/ws/interbotix/install/lib/python3.12/site-packages/interbotix_moveit_interface_msgs/srv
[7.007s] -- Installing: /home/derek-dietz/MSAI/ComputerVision/Final_Project/ws/interbotix/install/lib/python3.12/site-packages/interbotix_moveit_interface_msgs/srv/_move_it_plan.py
[7.007s] -- Installing: /home/derek-dietz/MSAI/ComputerVision/Final_Project/ws/interbotix/install/lib/python3.12/site-packages/interbotix_moveit_interface_msgs/srv/__init__.py
[7.007s] -- Installing: /home/derek-dietz/MSAI/ComputerVision/Final_Project/ws/interbotix/install/lib/python3.12/site-packages/interbotix_moveit_interface_msgs/srv/_move_it_plan_s.c
[7.008s] -- Installing: /home/derek-dietz/MSAI/ComputerVision/Final_Project/ws/interbotix/install/lib/python3.12/site-packages/interbotix_moveit_interface_msgs/interbotix_moveit_interface_msgs_s__rosidl_typesupport_introspection_c.so
[7.008s] -- Installing: /home/derek-dietz/MSAI/ComputerVision/Final_Project/ws/interbotix/install/lib/python3.12/site-packages/interbotix_moveit_interface_msgs/__init__.py
[7.008s] -- Installing: /home/derek-dietz/MSAI/ComputerVision/Final_Project/ws/interbotix/install/lib/python3.12/site-packages/interbotix_moveit_interface_msgs/interbotix_moveit_interface_msgs_s__rosidl_typesupport_fastrtps_c.so
[7.008s] -- Installing: /home/derek-dietz/MSAI/ComputerVision/Final_Project/ws/interbotix/install/lib/python3.12/site-packages/interbotix_moveit_interface_msgs/_interbotix_moveit_interface_msgs_s.ep.rosidl_typesupport_c.c
[7.052s] Listing '/home/derek-dietz/MSAI/ComputerVision/Final_Project/ws/interbotix/install/lib/python3.12/site-packages/interbotix_moveit_interface_msgs'...
[7.052s] Compiling '/home/derek-dietz/MSAI/ComputerVision/Final_Project/ws/interbotix/install/lib/python3.12/site-packages/interbotix_moveit_interface_msgs/__init__.py'...
[7.052s] Listing '/home/derek-dietz/MSAI/ComputerVision/Final_Project/ws/interbotix/install/lib/python3.12/site-packages/interbotix_moveit_interface_msgs/srv'...
[7.052s] Compiling '/home/derek-dietz/MSAI/ComputerVision/Final_Project/ws/interbotix/install/lib/python3.12/site-packages/interbotix_moveit_interface_msgs/srv/__init__.py'...
[7.052s] Compiling '/home/derek-dietz/MSAI/ComputerVision/Final_Project/ws/interbotix/install/lib/python3.12/site-packages/interbotix_moveit_interface_msgs/srv/_move_it_plan.py'...
[7.064s] -- Installing: /home/derek-dietz/MSAI/ComputerVision/Final_Project/ws/interbotix/install/lib/python3.12/site-packages/interbotix_moveit_interface_msgs/interbotix_moveit_interface_msgs_s__rosidl_typesupport_fastrtps_c.so
[7.064s] -- Set non-toolchain portion of runtime path of "/home/derek-dietz/MSAI/ComputerVision/Final_Project/ws/interbotix/install/lib/python3.12/site-packages/interbotix_moveit_interface_msgs/interbotix_moveit_interface_msgs_s__rosidl_typesupport_fastrtps_c.so" to ""
[7.064s] -- Installing: /home/derek-dietz/MSAI/ComputerVision/Final_Project/ws/interbotix/install/lib/python3.12/site-packages/interbotix_moveit_interface_msgs/interbotix_moveit_interface_msgs_s__rosidl_typesupport_introspection_c.so
[7.064s] -- Set non-toolchain portion of runtime path of "/home/derek-dietz/MSAI/ComputerVision/Final_Project/ws/interbotix/install/lib/python3.12/site-packages/interbotix_moveit_interface_msgs/interbotix_moveit_interface_msgs_s__rosidl_typesupport_introspection_c.so" to ""
[7.064s] -- Installing: /home/derek-dietz/MSAI/ComputerVision/Final_Project/ws/interbotix/install/lib/python3.12/site-packages/interbotix_moveit_interface_msgs/interbotix_moveit_interface_msgs_s__rosidl_typesupport_c.so
[7.064s] -- Set non-toolchain portion of runtime path of "/home/derek-dietz/MSAI/ComputerVision/Final_Project/ws/interbotix/install/lib/python3.12/site-packages/interbotix_moveit_interface_msgs/interbotix_moveit_interface_msgs_s__rosidl_typesupport_c.so" to ""
[7.064s] -- Installing: /home/derek-dietz/MSAI/ComputerVision/Final_Project/ws/interbotix/install/lib/libinterbotix_moveit_interface_msgs__rosidl_generator_py.so
[7.064s] -- Set non-toolchain portion of runtime path of "/home/derek-dietz/MSAI/ComputerVision/Final_Project/ws/interbotix/install/lib/libinterbotix_moveit_interface_msgs__rosidl_generator_py.so" to ""
[7.064s] -- Installing: /home/derek-dietz/MSAI/ComputerVision/Final_Project/ws/interbotix/install/share/interbotix_moveit_interface_msgs/srv/MoveItPlan.idl
[7.065s] -- Installing: /home/derek-dietz/MSAI/ComputerVision/Final_Project/ws/interbotix/install/share/interbotix_moveit_interface_msgs/srv/MoveItPlan.srv
[7.065s] -- Installing: /home/derek-dietz/MSAI/ComputerVision/Final_Project/ws/interbotix/install/share/ament_index/resource_index/package_run_dependencies/interbotix_moveit_interface_msgs
[7.065s] -- Installing: /home/derek-dietz/MSAI/ComputerVision/Final_Project/ws/interbotix/install/share/ament_index/resource_index/parent_prefix_path/interbotix_moveit_interface_msgs
[7.065s] -- Installing: /home/derek-dietz/MSAI/ComputerVision/Final_Project/ws/interbotix/install/share/interbotix_moveit_interface_msgs/environment/ament_prefix_path.sh
[7.065s] -- Installing: /home/derek-dietz/MSAI/ComputerVision/Final_Project/ws/interbotix/install/share/interbotix_moveit_interface_msgs/environment/ament_prefix_path.dsv
[7.065s] -- Installing: /home/derek-dietz/MSAI/ComputerVision/Final_Project/ws/interbotix/install/share/interbotix_moveit_interface_msgs/environment/path.sh
[7.065s] -- Installing: /home/derek-dietz/MSAI/ComputerVision/Final_Project/ws/interbotix/install/share/interbotix_moveit_interface_msgs/environment/path.dsv
[7.066s] -- Installing: /home/derek-dietz/MSAI/ComputerVision/Final_Project/ws/interbotix/install/share/interbotix_moveit_interface_msgs/local_setup.bash
[7.070s] -- Installing: /home/derek-dietz/MSAI/ComputerVision/Final_Project/ws/interbotix/install/share/interbotix_moveit_interface_msgs/local_setup.sh
[7.070s] -- Installing: /home/derek-dietz/MSAI/ComputerVision/Final_Project/ws/interbotix/install/share/interbotix_moveit_interface_msgs/local_setup.zsh
[7.070s] -- Installing: /home/derek-dietz/MSAI/ComputerVision/Final_Project/ws/interbotix/install/share/interbotix_moveit_interface_msgs/local_setup.dsv
[7.070s] -- Installing: /home/derek-dietz/MSAI/ComputerVision/Final_Project/ws/interbotix/install/share/interbotix_moveit_interface_msgs/package.dsv
[7.071s] -- Installing: /home/derek-dietz/MSAI/ComputerVision/Final_Project/ws/interbotix/install/share/ament_index/resource_index/packages/interbotix_moveit_interface_msgs
[7.071s] -- Installing: /home/derek-dietz/MSAI/ComputerVision/Final_Project/ws/interbotix/install/share/interbotix_moveit_interface_msgs/cmake/export_interbotix_moveit_interface_msgs__rosidl_generator_cExport.cmake
[7.071s] -- Installing: /home/derek-dietz/MSAI/ComputerVision/Final_Project/ws/interbotix/install/share/interbotix_moveit_interface_msgs/cmake/export_interbotix_moveit_interface_msgs__rosidl_generator_cExport-release.cmake
[7.071s] -- Installing: /home/derek-dietz/MSAI/ComputerVision/Final_Project/ws/interbotix/install/share/interbotix_moveit_interface_msgs/cmake/export_interbotix_moveit_interface_msgs__rosidl_typesupport_fastrtps_cExport.cmake
[7.071s] -- Installing: /home/derek-dietz/MSAI/ComputerVision/Final_Project/ws/interbotix/install/share/interbotix_moveit_interface_msgs/cmake/export_interbotix_moveit_interface_msgs__rosidl_typesupport_fastrtps_cExport-release.cmake
[7.071s] -- Installing: /home/derek-dietz/MSAI/ComputerVision/Final_Project/ws/interbotix/install/share/interbotix_moveit_interface_msgs/cmake/interbotix_moveit_interface_msgs__rosidl_typesupport_introspection_cExport.cmake
[7.074s] -- Installing: /home/derek-dietz/MSAI/ComputerVision/Final_Project/ws/interbotix/install/share/interbotix_moveit_interface_msgs/cmake/interbotix_moveit_interface_msgs__rosidl_typesupport_introspection_cExport-release.cmake
[7.074s] -- Installing: /home/derek-dietz/MSAI/ComputerVision/Final_Project/ws/interbotix/install/share/interbotix_moveit_interface_msgs/cmake/interbotix_moveit_interface_msgs__rosidl_typesupport_cExport.cmake
[7.074s] -- Installing: /home/derek-dietz/MSAI/ComputerVision/Final_Project/ws/interbotix/install/share/interbotix_moveit_interface_msgs/cmake/interbotix_moveit_interface_msgs__rosidl_typesupport_cExport-release.cmake
[7.074s] -- Installing: /home/derek-dietz/MSAI/ComputerVision/Final_Project/ws/interbotix/install/share/interbotix_moveit_interface_msgs/cmake/export_interbotix_moveit_interface_msgs__rosidl_generator_cppExport.cmake
[7.074s] -- Installing: /home/derek-dietz/MSAI/ComputerVision/Final_Project/ws/interbotix/install/share/interbotix_moveit_interface_msgs/cmake/export_interbotix_moveit_interface_msgs__rosidl_typesupport_fastrtps_cppExport.cmake
[7.074s] -- Installing: /home/derek-dietz/MSAI/ComputerVision/Final_Project/ws/interbotix/install/share/interbotix_moveit_interface_msgs/cmake/export_interbotix_moveit_interface_msgs__rosidl_typesupport_fastrtps_cppExport-release.cmake
[7.074s] -- Installing: /home/derek-dietz/MSAI/ComputerVision/Final_Project/ws/interbotix/install/share/interbotix_moveit_interface_msgs/cmake/interbotix_moveit_interface_msgs__rosidl_typesupport_introspection_cppExport.cmake
[7.074s] -- Installing: /home/derek-dietz/MSAI/ComputerVision/Final_Project/ws/interbotix/install/share/interbotix_moveit_interface_msgs/cmake/interbotix_moveit_interface_msgs__rosidl_typesupport_introspection_cppExport-release.cmake
[7.074s] -- Installing: /home/derek-dietz/MSAI/ComputerVision/Final_Project/ws/interbotix/install/share/interbotix_moveit_interface_msgs/cmake/interbotix_moveit_interface_msgs__rosidl_typesupport_cppExport.cmake
[7.075s] -- Installing: /home/derek-dietz/MSAI/ComputerVision/Final_Project/ws/interbotix/install/share/interbotix_moveit_interface_msgs/cmake/interbotix_moveit_interface_msgs__rosidl_typesupport_cppExport-release.cmake
[7.075s] -- Installing: /home/derek-dietz/MSAI/ComputerVision/Final_Project/ws/interbotix/install/share/interbotix_moveit_interface_msgs/cmake/export_interbotix_moveit_interface_msgs__rosidl_generator_pyExport.cmake
[7.075s] -- Installing: /home/derek-dietz/MSAI/ComputerVision/Final_Project/ws/interbotix/install/share/interbotix_moveit_interface_msgs/cmake/export_interbotix_moveit_interface_msgs__rosidl_generator_pyExport-release.cmake
[7.075s] -- Installing: /home/derek-dietz/MSAI/ComputerVision/Final_Project/ws/interbotix/install/share/interbotix_moveit_interface_msgs/cmake/rosidl_cmake-extras.cmake
[7.075s] -- Installing: /home/derek-dietz/MSAI/ComputerVision/Final_Project/ws/interbotix/install/share/interbotix_moveit_interface_msgs/cmake/ament_cmake_export_dependencies-extras.cmake
[7.076s] -- Installing: /home/derek-dietz/MSAI/ComputerVision/Final_Project/ws/interbotix/install/share/interbotix_moveit_interface_msgs/cmake/ament_cmake_export_include_directories-extras.cmake
[7.077s] -- Installing: /home/derek-dietz/MSAI/ComputerVision/Final_Project/ws/interbotix/install/share/interbotix_moveit_interface_msgs/cmake/ament_cmake_export_libraries-extras.cmake
[7.077s] -- Installing: /home/derek-dietz/MSAI/ComputerVision/Final_Project/ws/interbotix/install/share/interbotix_moveit_interface_msgs/cmake/ament_cmake_export_targets-extras.cmake
[7.077s] -- Installing: /home/derek-dietz/MSAI/ComputerVision/Final_Project/ws/interbotix/install/share/interbotix_moveit_interface_msgs/cmake/rosidl_cmake_export_typesupport_targets-extras.cmake
[7.077s] -- Installing: /home/derek-dietz/MSAI/ComputerVision/Final_Project/ws/interbotix/install/share/interbotix_moveit_interface_msgs/cmake/rosidl_cmake_export_typesupport_libraries-extras.cmake
[7.077s] -- Installing: /home/derek-dietz/MSAI/ComputerVision/Final_Project/ws/interbotix/install/share/interbotix_moveit_interface_msgs/cmake/interbotix_moveit_interface_msgsConfig.cmake
[7.080s] -- Installing: /home/derek-dietz/MSAI/ComputerVision/Final_Project/ws/interbotix/install/share/interbotix_moveit_interface_msgs/cmake/interbotix_moveit_interface_msgsConfig-version.cmake
[7.080s] -- Installing: /home/derek-dietz/MSAI/ComputerVision/Final_Project/ws/interbotix/install/share/interbotix_moveit_interface_msgs/package.xml
[7.083s] Invoked command in '/home/derek-dietz/MSAI/ComputerVision/Final_Project/ws/interbotix/build/interbotix_moveit_interface_msgs' returned '0': CMAKE_PREFIX_PATH=${CMAKE_PREFIX_PATH}:/opt/ros/kilted DEBUGINFOD_URLS=https://debuginfod.ubuntu.com /usr/bin/cmake --install /home/derek-dietz/MSAI/ComputerVision/Final_Project/ws/interbotix/build/interbotix_moveit_interface_msgs
